loadavg={ 1.74 1.89 1.90 }
    Finished `bench` profile [optimized] target(s) in 0.03s
     Running benches/ingest_profile_bench.rs (target/release/deps/ingest_profile_bench-993d1a9b6dc03ac9)
env: os=macos arch=aarch64 logical_cpus=16 isa=Neon loadavg=unavailable
ingest_profile_bench: mode=single statements=2000 dim=128 tenant=tenant-ingest table=docs durability=immediate
integrity: user_rows/docs byte-identical across E0/replica (count=2000)
integrity: table_generation == 2001 (E0, includes create_table) / 2000 (replica)
integrity: op_ledger content_hash matches content_hash_typed_insert_reimpl for 200 sampled measured statements (E0)
tier(P0_parse_bind): stmts=1000 min=0.007ms median=0.008ms rows_per_sec=127674.6
tier(E0_typed_row_api): stmts=1000 min=3.455ms median=4.580ms rows_per_sec=188.0
tier(S0_sql_surface): stmts=1000 min=3.502ms median=4.587ms rows_per_sec=215.6
stage(I1_precheck): rows=1 median=0.000ms ns_per_row=125.0
stage(I2_begin_write): rows=1 median=0.002ms ns_per_row=1666.0
stage(I3_content_hash): rows=1 median=0.008ms ns_per_row=8416.0
stage(I4_ledger): rows=1 median=0.021ms ns_per_row=20625.0
stage(I5_encode): rows=1 median=0.002ms ns_per_row=1542.0
stage(I6_redb_insert): rows=1 median=0.010ms ns_per_row=9687.0
stage(I7_generation_bump): rows=1 median=0.004ms ns_per_row=3750.0
stage(I8_commit): rows=1 median=4.973ms ns_per_row=4972687.0
stage(SUM_I1_I8): stmts=1 median=5.018ms
residual(E0-SUM): n/a (Σ(I1..I8) の中央値が E0 の中央値を上回った。独立計測どうしの比較のため測定ノイズにより逆転しうる)
attribution(S0-E0, parse/bind/dispatch informational): median=0.006ms (P0 direct measurement: 0.008ms)
ingest_profile_bench: OK
