2026-09-08T12:23:53Z crossdb-self/before/run1: 3.33 0.91 0.31 1/443 1542116
2026-09-08T12:23:56Z hybrid-hybrid/before/run1: 3.33 0.91 0.31 1/443 1550807
2026-09-08T12:23:58Z hybrid-warm_where_then_hybrid/before/run1: 3.06 0.89 0.31 1/443 1553770
2026-09-08T12:24:00Z hybrid-body_predicate/before/run1: 3.06 0.89 0.31 1/443 1557083
2026-09-08T12:24:01Z crossdb-self/after/run1: 2.90 0.90 0.31 1/443 1557095
2026-09-08T12:24:05Z hybrid-hybrid/after/run1: 2.90 0.90 0.31 1/443 1565786
2026-09-08T12:24:07Z hybrid-warm_where_then_hybrid/after/run1: 2.75 0.90 0.32 1/443 1568749
2026-09-08T12:24:09Z hybrid-body_predicate/after/run1: 2.75 0.90 0.32 1/443 1572062
2026-09-08T12:24:10Z crossdb-self/before_ref/run1: 2.75 0.90 0.32 2/443 1572075
2026-09-08T12:24:14Z hybrid-hybrid/before_ref/run1: 2.61 0.90 0.32 1/443 1580766
2026-09-08T12:24:16Z hybrid-warm_where_then_hybrid/before_ref/run1: 2.61 0.90 0.32 1/443 1583729
2026-09-08T12:24:18Z hybrid-body_predicate/before_ref/run1: 2.48 0.90 0.32 1/443 1587042
2026-09-08T12:24:19Z crossdb-self/ref/run1: 2.48 0.90 0.32 1/443 1587054
2026-09-08T12:24:24Z hybrid-hybrid/ref/run1: 2.44 0.92 0.33 2/443 1595745
2026-09-08T12:24:26Z hybrid-warm_where_then_hybrid/ref/run1: 2.44 0.92 0.33 1/445 1598710
2026-09-08T12:24:28Z hybrid-body_predicate/ref/run1: 2.32 0.92 0.34 1/445 1602024
2026-09-08T12:24:30Z crossdb-self/before/run2: 2.32 0.92 0.34 1/445 1602037
2026-09-08T12:24:33Z hybrid-hybrid/before/run2: 2.22 0.92 0.34 1/445 1610728
2026-09-08T12:24:35Z hybrid-warm_where_then_hybrid/before/run2: 2.22 0.92 0.34 1/445 1613691
2026-09-08T12:24:38Z hybrid-body_predicate/before/run2: 2.44 0.99 0.37 1/444 1617004
2026-09-08T12:24:39Z crossdb-self/after/run2: 2.44 0.99 0.37 1/444 1617016
2026-09-08T12:24:42Z hybrid-hybrid/after/run2: 2.32 0.99 0.37 1/445 1625708
2026-09-08T12:24:44Z hybrid-warm_where_then_hybrid/after/run2: 2.32 0.99 0.37 1/445 1628671
2026-09-08T12:24:46Z hybrid-body_predicate/after/run2: 2.32 0.99 0.37 1/445 1631984
2026-09-08T12:24:48Z crossdb-self/before_ref/run2: 2.22 0.99 0.37 1/445 1631997
2026-09-08T12:24:51Z hybrid-hybrid/before_ref/run2: 2.22 0.99 0.37 1/445 1640688
2026-09-08T12:24:53Z hybrid-warm_where_then_hybrid/before_ref/run2: 2.04 0.98 0.37 1/444 1643651
2026-09-08T12:24:55Z hybrid-body_predicate/before_ref/run2: 2.04 0.98 0.37 1/444 1646964
2026-09-08T12:24:56Z crossdb-self/ref/run2: 2.04 0.98 0.37 1/443 1646976
2026-09-08T12:25:01Z hybrid-hybrid/ref/run2: 2.69 1.16 0.44 1/445 1655669
2026-09-08T12:25:04Z hybrid-warm_where_then_hybrid/ref/run2: 2.69 1.16 0.44 1/445 1658632
2026-09-08T12:25:06Z hybrid-body_predicate/ref/run2: 2.69 1.16 0.44 1/445 1661945
2026-09-08T12:25:07Z crossdb-self/before/run3: 2.47 1.14 0.43 1/445 1661958
2026-09-08T12:25:11Z hybrid-hybrid/before/run3: 2.47 1.14 0.43 1/444 1670649
2026-09-08T12:25:13Z hybrid-warm_where_then_hybrid/before/run3: 2.36 1.13 0.44 1/444 1673612
2026-09-08T12:25:15Z hybrid-body_predicate/before/run3: 2.36 1.13 0.44 1/445 1676926
2026-09-08T12:25:16Z crossdb-self/after/run3: 2.36 1.13 0.44 1/445 1676938
2026-09-08T12:25:19Z hybrid-hybrid/after/run3: 2.17 1.11 0.43 1/445 1685629
2026-09-08T12:25:21Z hybrid-warm_where_then_hybrid/after/run3: 2.17 1.11 0.43 1/445 1688592
2026-09-08T12:25:23Z hybrid-body_predicate/after/run3: 2.07 1.11 0.44 1/445 1691905
2026-09-08T12:25:25Z crossdb-self/before_ref/run3: 2.07 1.11 0.44 1/445 1691918
2026-09-08T12:25:28Z hybrid-hybrid/before_ref/run3: 2.07 1.13 0.45 1/445 1700609
2026-09-08T12:25:30Z hybrid-warm_where_then_hybrid/before_ref/run3: 2.07 1.13 0.45 1/444 1703572
2026-09-08T12:25:32Z hybrid-body_predicate/before_ref/run3: 1.98 1.13 0.45 1/444 1706885
2026-09-08T12:25:33Z crossdb-self/ref/run3: 1.98 1.13 0.45 1/444 1706897
2026-09-08T12:25:39Z hybrid-hybrid/ref/run3: 1.90 1.12 0.45 1/444 1715588
2026-09-08T12:25:41Z hybrid-warm_where_then_hybrid/ref/run3: 1.90 1.12 0.45 1/444 1718551
2026-09-08T12:25:43Z hybrid-body_predicate/ref/run3: 1.75 1.10 0.45 1/443 1721864
2026-09-08T12:25:44Z crossdb-self/before/run4: 1.75 1.10 0.45 1/443 1721877
2026-09-08T12:25:48Z hybrid-hybrid/before/run4: 1.69 1.10 0.45 1/443 1730638
2026-09-08T12:25:50Z hybrid-warm_where_then_hybrid/before/run4: 1.69 1.10 0.45 1/444 1733602
2026-09-08T12:25:52Z hybrid-body_predicate/before/run4: 1.63 1.10 0.46 1/444 1736915
2026-09-08T12:25:53Z crossdb-self/after/run4: 1.63 1.10 0.46 1/444 1736927
2026-09-08T12:25:56Z hybrid-hybrid/after/run4: 1.63 1.10 0.46 1/444 1745619
2026-09-08T12:25:58Z hybrid-warm_where_then_hybrid/after/run4: 1.58 1.10 0.46 1/444 1748582
2026-09-08T12:26:01Z hybrid-body_predicate/after/run4: 1.58 1.10 0.46 1/443 1751895
2026-09-08T12:26:02Z crossdb-self/before_ref/run4: 1.54 1.10 0.46 1/441 1751908
2026-09-08T12:26:05Z hybrid-hybrid/before_ref/run4: 1.54 1.10 0.46 1/442 1760600
2026-09-08T12:26:07Z hybrid-warm_where_then_hybrid/before_ref/run4: 1.49 1.09 0.47 1/443 1763564
2026-09-08T12:26:10Z hybrid-body_predicate/before_ref/run4: 1.49 1.09 0.47 1/443 1766877
2026-09-08T12:26:11Z crossdb-self/ref/run4: 1.49 1.09 0.47 1/443 1766889
2026-09-08T12:26:16Z hybrid-hybrid/ref/run4: 1.45 1.09 0.47 1/442 1775580
2026-09-08T12:26:18Z hybrid-warm_where_then_hybrid/ref/run4: 1.34 1.07 0.47 1/444 1778545
2026-09-08T12:26:20Z hybrid-body_predicate/ref/run4: 1.34 1.07 0.47 1/444 1781862
2026-09-08T12:26:22Z crossdb-self/before/run5: 1.31 1.07 0.47 1/445 1781876
2026-09-08T12:26:25Z hybrid-hybrid/before/run5: 1.31 1.07 0.47 1/445 1790567
2026-09-08T12:26:27Z hybrid-warm_where_then_hybrid/before/run5: 1.28 1.07 0.47 1/445 1793530
2026-09-08T12:26:29Z hybrid-body_predicate/before/run5: 1.28 1.07 0.47 1/445 1796843
2026-09-08T12:26:30Z crossdb-self/after/run5: 1.28 1.07 0.47 1/445 1796855
2026-09-08T12:26:33Z hybrid-hybrid/after/run5: 1.26 1.07 0.47 1/445 1805546
2026-09-08T12:26:36Z hybrid-warm_where_then_hybrid/after/run5: 1.26 1.07 0.47 1/445 1808509
2026-09-08T12:26:38Z hybrid-body_predicate/after/run5: 1.24 1.07 0.48 1/445 1811822
2026-09-08T12:26:39Z crossdb-self/before_ref/run5: 1.24 1.07 0.48 1/445 1811835
2026-09-08T12:26:42Z hybrid-hybrid/before_ref/run5: 1.22 1.07 0.48 1/445 1820526
2026-09-08T12:26:45Z hybrid-warm_where_then_hybrid/before_ref/run5: 1.22 1.07 0.48 1/445 1823489
2026-09-08T12:26:47Z hybrid-body_predicate/before_ref/run5: 1.20 1.06 0.48 1/443 1826802
2026-09-08T12:26:48Z crossdb-self/ref/run5: 1.20 1.06 0.48 1/445 1826816
2026-09-08T12:26:53Z hybrid-hybrid/ref/run5: 1.19 1.06 0.49 1/445 1835507
2026-09-08T12:26:55Z hybrid-warm_where_then_hybrid/ref/run5: 1.19 1.06 0.49 1/445 1838470
2026-09-08T12:26:57Z hybrid-body_predicate/ref/run5: 1.17 1.06 0.49 1/444 1841783
