2026-09-08T06:42:30Z crossdb-self/before/run1: 3.15 1.09 0.76 1/442 903670
2026-09-08T06:42:34Z hybrid-hybrid/before/run1: 2.98 1.09 0.76 1/442 912363
2026-09-08T06:42:36Z hybrid-warm_where_then_hybrid/before/run1: 2.98 1.09 0.76 1/442 915329
2026-09-08T06:42:38Z hybrid-body_predicate/before/run1: 2.82 1.08 0.76 3/442 918645
2026-09-08T06:42:39Z crossdb-self/after/run1: 2.82 1.08 0.76 1/442 918657
2026-09-08T06:42:43Z hybrid-hybrid/after/run1: 2.67 1.08 0.76 1/442 927350
2026-09-08T06:42:45Z hybrid-warm_where_then_hybrid/after/run1: 2.67 1.08 0.76 1/442 930314
2026-09-08T06:42:47Z hybrid-body_predicate/after/run1: 2.67 1.08 0.76 1/442 933627
2026-09-08T06:42:48Z crossdb-self/ref/run1: 2.54 1.08 0.76 1/442 933648
2026-09-08T06:42:53Z hybrid-hybrid/ref/run1: 2.50 1.10 0.77 1/442 942344
2026-09-08T06:42:55Z hybrid-warm_where_then_hybrid/ref/run1: 2.50 1.10 0.77 1/442 945308
2026-09-08T06:42:58Z hybrid-body_predicate/ref/run1: 3.26 1.28 0.83 1/442 948627
2026-09-08T06:42:59Z crossdb-self/before/run2: 3.26 1.28 0.83 1/442 948639
2026-09-08T06:43:02Z hybrid-hybrid/before/run2: 3.96 1.46 0.89 1/442 957346
2026-09-08T06:43:04Z hybrid-warm_where_then_hybrid/before/run2: 3.96 1.46 0.89 1/441 960314
2026-09-08T06:43:07Z hybrid-body_predicate/before/run2: 3.96 1.46 0.89 1/441 963628
2026-09-08T06:43:08Z crossdb-self/after/run2: 3.64 1.43 0.89 1/441 963640
2026-09-08T06:43:11Z hybrid-hybrid/after/run2: 3.64 1.43 0.89 1/442 972336
2026-09-08T06:43:13Z hybrid-warm_where_then_hybrid/after/run2: 3.43 1.43 0.89 1/442 975299
2026-09-08T06:43:16Z hybrid-body_predicate/after/run2: 3.43 1.43 0.89 1/442 978615
2026-09-08T06:43:16Z crossdb-self/ref/run2: 3.43 1.43 0.89 1/442 978631
2026-09-08T06:43:22Z hybrid-hybrid/ref/run2: 3.23 1.42 0.89 1/442 987330
2026-09-08T06:43:24Z hybrid-warm_where_then_hybrid/ref/run2: 2.97 1.39 0.88 1/442 990297
2026-09-08T06:43:26Z hybrid-body_predicate/ref/run2: 2.97 1.39 0.88 1/442 993614
2026-09-08T06:43:27Z crossdb-self/before/run3: 2.82 1.39 0.88 1/442 993626
2026-09-08T06:43:31Z hybrid-hybrid/before/run3: 2.82 1.39 0.88 3/442 1002321
2026-09-08T06:43:33Z hybrid-warm_where_then_hybrid/before/run3: 2.67 1.38 0.89 1/442 1005291
2026-09-08T06:43:35Z hybrid-body_predicate/before/run3: 2.67 1.38 0.89 1/442 1008605
2026-09-08T06:43:36Z crossdb-self/after/run3: 2.67 1.38 0.89 1/442 1008617
2026-09-08T06:43:39Z hybrid-hybrid/after/run3: 2.62 1.39 0.89 1/442 1017311
2026-09-08T06:43:42Z hybrid-warm_where_then_hybrid/after/run3: 2.62 1.39 0.89 1/442 1020280
2026-09-08T06:43:44Z hybrid-body_predicate/after/run3: 2.41 1.37 0.89 1/442 1023599
2026-09-08T06:43:45Z crossdb-self/ref/run3: 2.41 1.37 0.89 1/442 1023617
2026-09-08T06:43:50Z hybrid-hybrid/ref/run3: 3.02 1.51 0.94 1/442 1032313
2026-09-08T06:43:52Z hybrid-warm_where_then_hybrid/ref/run3: 2.85 1.50 0.94 1/442 1035281
2026-09-08T06:43:55Z hybrid-body_predicate/ref/run3: 2.85 1.50 0.94 1/442 1038600
2026-09-08T06:43:56Z crossdb-self/before/run4: 2.85 1.50 0.94 1/442 1038612
2026-09-08T06:43:59Z hybrid-hybrid/before/run4: 2.70 1.49 0.94 2/442 1047313
2026-09-08T06:44:01Z hybrid-warm_where_then_hybrid/before/run4: 2.70 1.49 0.94 1/442 1050277
2026-09-08T06:44:04Z hybrid-body_predicate/before/run4: 2.73 1.52 0.95 1/442 1053595
2026-09-08T06:44:05Z crossdb-self/after/run4: 2.73 1.52 0.95 3/442 1053613
2026-09-08T06:44:08Z hybrid-hybrid/after/run4: 2.59 1.51 0.95 1/442 1062309
2026-09-08T06:44:10Z hybrid-warm_where_then_hybrid/after/run4: 2.59 1.51 0.95 1/442 1065278
2026-09-08T06:44:12Z hybrid-body_predicate/after/run4: 2.59 1.51 0.95 1/442 1068596
2026-09-08T06:44:13Z crossdb-self/ref/run4: 2.46 1.50 0.95 1/442 1068608
2026-09-08T06:44:18Z hybrid-hybrid/ref/run4: 2.35 1.49 0.95 1/443 1077310
2026-09-08T06:44:21Z hybrid-warm_where_then_hybrid/ref/run4: 2.35 1.49 0.95 1/443 1080279
2026-09-08T06:44:23Z hybrid-body_predicate/ref/run4: 2.24 1.48 0.95 1/443 1083597
2026-09-08T06:44:24Z crossdb-self/before/run5: 2.24 1.48 0.95 1/443 1083615
2026-09-08T06:44:28Z hybrid-hybrid/before/run5: 2.14 1.48 0.95 1/443 1092311
2026-09-08T06:44:30Z hybrid-warm_where_then_hybrid/before/run5: 2.14 1.48 0.95 1/443 1095280
2026-09-08T06:44:32Z hybrid-body_predicate/before/run5: 2.14 1.48 0.95 1/443 1098593
2026-09-08T06:44:33Z crossdb-self/after/run5: 2.05 1.47 0.95 1/443 1098610
2026-09-08T06:44:36Z hybrid-hybrid/after/run5: 2.05 1.47 0.95 2/443 1107306
2026-09-08T06:44:38Z hybrid-warm_where_then_hybrid/after/run5: 2.28 1.53 0.97 1/443 1110274
2026-09-08T06:44:41Z hybrid-body_predicate/after/run5: 2.28 1.53 0.97 1/443 1113593
2026-09-08T06:44:42Z crossdb-self/ref/run5: 2.28 1.53 0.97 1/443 1113605
2026-09-08T06:44:47Z hybrid-hybrid/ref/run5: 2.10 1.50 0.97 1/443 1122308
2026-09-08T06:44:49Z hybrid-warm_where_then_hybrid/ref/run5: 1.93 1.48 0.96 1/443 1125278
2026-09-08T06:44:51Z hybrid-body_predicate/ref/run5: 1.93 1.48 0.96 1/443 1128599
