2026-09-08T10:21:05Z crossdb-self/before/run1: 5.44 1.60 0.74 1/441 1233489
2026-09-08T10:21:09Z hybrid-hybrid/before/run1: 5.44 1.60 0.74 1/441 1242180
2026-09-08T10:21:11Z hybrid-warm_where_then_hybrid/before/run1: 5.08 1.59 0.75 1/441 1245143
2026-09-08T10:21:13Z hybrid-body_predicate/before/run1: 5.08 1.59 0.75 1/441 1248456
2026-09-08T10:21:14Z crossdb-self/after/run1: 5.08 1.59 0.75 1/441 1248468
2026-09-08T10:21:18Z hybrid-hybrid/after/run1: 4.67 1.57 0.74 1/441 1257159
2026-09-08T10:21:20Z hybrid-warm_where_then_hybrid/after/run1: 4.38 1.56 0.74 1/441 1260123
2026-09-08T10:21:22Z hybrid-body_predicate/after/run1: 4.38 1.56 0.74 1/441 1263436
2026-09-08T10:21:24Z crossdb-self/before_ref/run1: 4.38 1.56 0.74 1/441 1263449
2026-09-08T10:21:27Z hybrid-hybrid/before_ref/run1: 4.11 1.55 0.74 1/441 1272140
2026-09-08T10:21:29Z hybrid-warm_where_then_hybrid/before_ref/run1: 4.11 1.55 0.74 1/440 1275103
2026-09-08T10:21:32Z hybrid-body_predicate/before_ref/run1: 3.78 1.52 0.74 1/440 1278416
2026-09-08T10:21:33Z crossdb-self/ref/run1: 3.78 1.52 0.74 1/440 1278428
2026-09-08T10:21:39Z hybrid-hybrid/ref/run1: 3.56 1.51 0.74 7/441 1287120
2026-09-08T10:21:41Z hybrid-warm_where_then_hybrid/ref/run1: 3.35 1.50 0.74 1/441 1290083
2026-09-08T10:21:43Z hybrid-body_predicate/ref/run1: 3.35 1.50 0.74 1/441 1293396
2026-09-08T10:21:45Z crossdb-self/before/run2: 3.35 1.50 0.74 1/441 1293409
2026-09-08T10:21:48Z hybrid-hybrid/before/run2: 3.16 1.49 0.74 1/441 1302100
2026-09-08T10:21:51Z hybrid-warm_where_then_hybrid/before/run2: 2.99 1.49 0.75 1/441 1305063
2026-09-08T10:21:53Z hybrid-body_predicate/before/run2: 2.99 1.49 0.75 1/441 1308376
2026-09-08T10:21:54Z crossdb-self/after/run2: 2.99 1.49 0.75 1/441 1308388
2026-09-08T10:21:58Z hybrid-hybrid/after/run2: 2.83 1.48 0.75 1/440 1317079
2026-09-08T10:22:00Z hybrid-warm_where_then_hybrid/after/run2: 2.83 1.48 0.75 1/440 1320042
2026-09-08T10:22:02Z hybrid-body_predicate/after/run2: 2.60 1.45 0.74 1/441 1323357
2026-09-08T10:22:03Z crossdb-self/before_ref/run2: 2.60 1.45 0.74 1/441 1323370
2026-09-08T10:22:07Z hybrid-hybrid/before_ref/run2: 2.47 1.45 0.74 1/442 1332062
2026-09-08T10:22:09Z hybrid-warm_where_then_hybrid/before_ref/run2: 2.47 1.45 0.74 2/442 1335025
2026-09-08T10:22:11Z hybrid-body_predicate/before_ref/run2: 2.36 1.44 0.75 1/442 1338338
2026-09-08T10:22:12Z crossdb-self/ref/run2: 2.36 1.44 0.75 1/442 1338350
2026-09-08T10:22:18Z hybrid-hybrid/ref/run2: 2.25 1.43 0.75 1/442 1347051
2026-09-08T10:22:20Z hybrid-warm_where_then_hybrid/ref/run2: 2.15 1.42 0.75 1/444 1350018
2026-09-08T10:22:22Z hybrid-body_predicate/ref/run2: 2.15 1.42 0.75 1/444 1353335
2026-09-08T10:22:24Z crossdb-self/before/run3: 2.15 1.42 0.75 1/444 1353348
2026-09-08T10:22:27Z hybrid-hybrid/before/run3: 2.06 1.42 0.75 1/444 1362047
2026-09-08T10:22:30Z hybrid-warm_where_then_hybrid/before/run3: 2.06 1.42 0.75 1/444 1365016
2026-09-08T10:22:32Z hybrid-body_predicate/before/run3: 1.89 1.39 0.75 1/444 1368334
2026-09-08T10:22:33Z crossdb-self/after/run3: 1.89 1.39 0.75 1/444 1368346
2026-09-08T10:22:36Z hybrid-hybrid/after/run3: 1.82 1.38 0.75 1/444 1377043
2026-09-08T10:22:39Z hybrid-warm_where_then_hybrid/after/run3: 1.82 1.38 0.75 1/444 1380006
2026-09-08T10:22:41Z hybrid-body_predicate/after/run3: 1.75 1.38 0.75 1/444 1383321
2026-09-08T10:22:42Z crossdb-self/before_ref/run3: 1.75 1.38 0.75 1/444 1383339
2026-09-08T10:22:46Z hybrid-hybrid/before_ref/run3: 1.69 1.37 0.75 2/444 1392035
2026-09-08T10:22:48Z hybrid-warm_where_then_hybrid/before_ref/run3: 1.69 1.37 0.75 1/444 1394998
2026-09-08T10:22:50Z hybrid-body_predicate/before_ref/run3: 1.64 1.37 0.75 1/444 1398313
2026-09-08T10:22:51Z crossdb-self/ref/run3: 1.64 1.37 0.75 1/444 1398325
2026-09-08T10:22:57Z hybrid-hybrid/ref/run3: 1.67 1.38 0.76 1/443 1407016
2026-09-08T10:22:59Z hybrid-warm_where_then_hybrid/ref/run3: 1.67 1.38 0.76 1/444 1409980
2026-09-08T10:23:01Z hybrid-body_predicate/ref/run3: 1.61 1.37 0.76 1/444 1413295
2026-09-08T10:23:03Z crossdb-self/before/run4: 1.61 1.37 0.76 1/444 1413311
2026-09-08T10:23:06Z hybrid-hybrid/before/run4: 1.56 1.36 0.76 1/444 1422002
2026-09-08T10:23:08Z hybrid-warm_where_then_hybrid/before/run4: 1.56 1.36 0.76 1/444 1424965
2026-09-08T10:23:11Z hybrid-body_predicate/before/run4: 1.52 1.36 0.76 1/444 1428280
2026-09-08T10:23:12Z crossdb-self/after/run4: 1.52 1.36 0.76 1/444 1428292
2026-09-08T10:23:15Z hybrid-hybrid/after/run4: 1.48 1.35 0.76 2/444 1436989
2026-09-08T10:23:17Z hybrid-warm_where_then_hybrid/after/run4: 1.48 1.35 0.76 1/444 1439954
2026-09-08T10:23:20Z hybrid-body_predicate/after/run4: 1.48 1.35 0.76 1/444 1443267
2026-09-08T10:23:21Z crossdb-self/before_ref/run4: 1.44 1.34 0.77 1/444 1443282
2026-09-08T10:23:25Z hybrid-hybrid/before_ref/run4: 1.44 1.34 0.77 1/444 1451976
2026-09-08T10:23:27Z hybrid-warm_where_then_hybrid/before_ref/run4: 1.32 1.32 0.76 1/444 1454939
2026-09-08T10:23:29Z hybrid-body_predicate/before_ref/run4: 1.32 1.32 0.76 1/444 1458252
2026-09-08T10:23:30Z crossdb-self/ref/run4: 1.22 1.30 0.76 1/444 1458264
2026-09-08T10:23:36Z hybrid-hybrid/ref/run4: 1.12 1.28 0.75 2/444 1466963
2026-09-08T10:23:38Z hybrid-warm_where_then_hybrid/ref/run4: 1.12 1.28 0.75 1/444 1469928
2026-09-08T10:23:40Z hybrid-body_predicate/ref/run4: 1.11 1.27 0.75 1/444 1473241
2026-09-08T10:23:41Z crossdb-self/before/run5: 1.11 1.27 0.75 1/444 1473256
2026-09-08T10:23:45Z hybrid-hybrid/before/run5: 1.10 1.27 0.76 1/444 1481947
2026-09-08T10:23:47Z hybrid-warm_where_then_hybrid/before/run5: 1.10 1.27 0.76 1/444 1484910
2026-09-08T10:23:50Z hybrid-body_predicate/before/run5: 1.10 1.27 0.76 1/444 1488223
2026-09-08T10:23:50Z crossdb-self/after/run5: 1.01 1.25 0.75 1/444 1488237
2026-09-08T10:23:54Z hybrid-hybrid/after/run5: 1.01 1.25 0.75 1/444 1496931
2026-09-08T10:23:56Z hybrid-warm_where_then_hybrid/after/run5: 1.01 1.24 0.75 1/444 1499894
2026-09-08T10:23:58Z hybrid-body_predicate/after/run5: 1.01 1.24 0.75 1/444 1503207
2026-09-08T10:24:00Z crossdb-self/before_ref/run5: 1.01 1.24 0.75 1/444 1503220
2026-09-08T10:24:03Z hybrid-hybrid/before_ref/run5: 2.13 1.47 0.83 1/444 1511916
2026-09-08T10:24:05Z hybrid-warm_where_then_hybrid/before_ref/run5: 2.04 1.46 0.83 1/444 1514884
2026-09-08T10:24:08Z hybrid-body_predicate/before_ref/run5: 2.04 1.46 0.83 1/444 1518197
2026-09-08T10:24:09Z crossdb-self/ref/run5: 2.04 1.46 0.83 1/444 1518212
2026-09-08T10:24:14Z hybrid-hybrid/ref/run5: 1.96 1.45 0.83 1/444 1526905
2026-09-08T10:24:16Z hybrid-warm_where_then_hybrid/ref/run5: 1.80 1.43 0.83 1/444 1529868
2026-09-08T10:24:19Z hybrid-body_predicate/ref/run5: 1.80 1.43 0.83 1/446 1533185
