env: os=linux arch=x86_64 logical_cpus=12 isa=Avx2Fma loadavg=2.65 1.56 0.73 1/443 2942217
scan_stage_profile_bench: rows=25000 dim=128 rounds=5 scale=1 selectivity=1/3 (tenant_a=23000 public, tenant_b=2000 private)
--- per-round raw medians (ms) ---
round[0]: A1=0.937 A2=1.052 A3=1.222 A4=1.340 A5=1.492 W1=0.317 W2=0.395 W3=0.486 W4=0.147 R_dot=0.186
round[1]: A1=0.955 A2=1.053 A3=1.215 A4=1.347 A5=1.492 W1=0.314 W2=0.409 W3=0.493 W4=0.140 R_dot=0.186
round[2]: A1=0.956 A2=1.048 A3=1.201 A4=1.356 A5=1.492 W1=0.314 W2=0.393 W3=0.487 W4=0.137 R_dot=0.198
round[3]: A1=0.955 A2=1.050 A3=1.207 A4=1.364 A5=1.491 W1=0.314 W2=0.393 W3=0.487 W4=0.143 R_dot=0.215
round[4]: A1=0.955 A2=1.049 A3=1.201 A4=1.338 A5=1.511 W1=0.317 W2=0.396 W3=0.488 W4=0.153 R_dot=0.209
--- A series (median-of-R / min-of-R, ns/row over total physical rows) ---
stage(A1_redb_scan): rows=25000 median=0.955ms ns_per_row=38.2 (min-of-R=0.937ms)
stage(A2_header_decode): rows=25000 median=1.050ms ns_per_row=42.0 (min-of-R=1.048ms)
diff(A1->A2): ns_per_row=3.8
bucket(A1->A2): ns_per_row=3.8 ratio=10.02% band=within_noise_band
stage(A3_rls_visible): rows=25000 median=1.207ms ns_per_row=48.3 (min-of-R=1.201ms)
diff(A2->A3): ns_per_row=6.3
bucket(A2->A3): ns_per_row=6.3 ratio=14.94% band=within_noise_band
stage(A4_dim_meta_decode): rows=25000 median=1.347ms ns_per_row=53.9 (min-of-R=1.338ms)
diff(A3->A4): ns_per_row=5.6
bucket(A3->A4): ns_per_row=5.6 ratio=11.56% band=within_noise_band
stage(A5_scalar_validate): rows=25000 median=1.492ms ns_per_row=59.7 (min-of-R=1.491ms)
diff(A4->A5): ns_per_row=5.8
bucket(A4->A5): ns_per_row=5.8 ratio=10.76% band=within_noise_band
e2e(agg_count/A0a, ctx=tenant-a): median=0.050ms
e2e(rls_isolation/A0b, ctx=tenant-b): median=0.050ms
e2e(agg_count/A0c-cold, ctx=tenant-a, includes Storage::open): median=6.797ms (sample minimum, N=20: 6.563ms)
--- W series (median-of-R / min-of-R, ns/row over visible (tenant-a Public) rows) ---
stage(W1_scalar_scan): rows=23000 median=0.314ms ns_per_row=13.7 (min-of-R=0.314ms)
stage(W2_predicate): rows=23000 median=0.395ms ns_per_row=17.2 (min-of-R=0.393ms)
diff(W1->W2): ns_per_row=3.5
bucket(W1->W2): ns_per_row=3.5 ratio=25.70% band=above_noise_band
stage(W3_arena_copy): rows=23000 median=0.487ms ns_per_row=21.2 (min-of-R=0.486ms)
diff(W2->W3): ns_per_row=4.0
bucket(W2->W3): ns_per_row=4.0 ratio=23.28% band=above_noise_band
W4_provider_search: matched_rows=7667 median=0.143ms (min-of-R=0.137ms)
R_dot_kernel_distance_only (reference band): median=0.198ms min-of-R=0.186ms reference_band=16.02%
e2e(vector_knn_where/W0-cold): median=14.927ms
e2e(vector_knn_where/W0-hot): median=0.526ms (min-of-R=0.493ms)
e2e(vector_knn/W0-nowhere, cache fast path): median=0.612ms
diff(W0-nowhere->W0-hot): n/a (独立計測どうしの中央値比較のため測定ノイズにより逆転・未確定)
selectivity=1/3 expected_visible_hits=7667 (33.33%)
scalar_index(index,k=10): index_scans=+39 plain_scan_fallbacks=+0 builds=+1 arena_cache_hits=+39
index_mask_scans_delta=39
scalar_index(plain,k=10): index_scans=+0 plain_scan_fallbacks=+0 builds=+0 arena_cache_hits=+0
e2e(index,k=10): median=0.526ms (min-of-R=0.493ms)
e2e(plain,k=10): median=2.003ms (min-of-R=1.985ms)
arm_ratio(index->plain,k=10): ratio=281.06% (conflates ScalarIndex candidate reduction with plain-arm-only vec_norm cost; not an isolated index-effect measurement, see comment above)
--- index/plain/I-series per-round raw medians (ms) ---
round[0]: index=0.811 plain=2.013 I1=0.002 I2a=0.137 I2b=0.140 I3=0.168
round[1]: index=0.526 plain=2.003 I1=0.002 I2a=0.138 I2b=0.140 I3=0.180
round[2]: index=0.508 plain=1.997 I1=0.002 I2a=0.137 I2b=0.140 I3=0.153
round[3]: index=0.565 plain=1.985 I1=0.002 I2a=0.137 I2b=0.141 I3=0.142
round[4]: index=0.493 plain=2.106 I1=0.002 I2a=0.141 I2b=0.141 I3=0.146
--- index path buckets (I series; us and % of e2e index arm; median-of-R) ---
bucket_share(I1_index_candidate_resolve): us=1.9 pct_of_e2e=0.36% (min-of-R=1.9us)
bucket_share(I2a_candidate_predicate): us=137.4 pct_of_e2e=26.15% (min-of-R=136.7us)
bucket_share(I2b_candidate_mask_build): us=140.0 pct_of_e2e=26.64% (min-of-R=139.5us)
bucket_share(I3_provider_search): us=152.8 pct_of_e2e=29.06% (min-of-R=141.8us)
bucket_share(sql_surface_fixed_cost_residual): us=231.0 pct_of_e2e=43.94%
scan_stage_profile_bench: consistency checks passed (A3 visible row count == tenant_a_rows for both ctx_a/ctx_b every round, W2 match count == expected, W0-cold/W0-hot result ids within lang='ja' visible set, COUNT(*) == tenant_a_rows for both contexts, index arm and plain arm returned identical id sets, ScalarIndex candidate resolution confirmed non-vacuous via scalar_index_cache_stats() deltas)
