env: os=linux arch=x86_64 logical_cpus=12 isa=Avx2Fma loadavg=2.95 1.58 0.72 1/443 2925454
scan_stage_profile_bench: rows=25000 dim=128 rounds=5 scale=1 selectivity=1/5 (tenant_a=23000 public, tenant_b=2000 private)
--- per-round raw medians (ms) ---
round[0]: A1=0.950 A2=1.049 A3=1.203 A4=1.348 A5=1.487 W1=0.313 W2=0.460 W3=0.497 W4=0.118 R_dot=0.172
round[1]: A1=0.966 A2=1.068 A3=1.201 A4=1.354 A5=1.493 W1=0.313 W2=0.461 W3=0.498 W4=0.124 R_dot=0.173
round[2]: A1=0.968 A2=1.057 A3=1.186 A4=1.369 A5=1.490 W1=0.315 W2=0.462 W3=0.499 W4=0.120 R_dot=0.172
round[3]: A1=0.968 A2=1.051 A3=1.178 A4=1.400 A5=1.489 W1=0.316 W2=0.462 W3=0.493 W4=0.121 R_dot=0.174
round[4]: A1=0.968 A2=1.051 A3=1.179 A4=1.374 A5=1.492 W1=0.313 W2=0.461 W3=0.496 W4=0.122 R_dot=0.195
--- A series (median-of-R / min-of-R, ns/row over total physical rows) ---
stage(A1_redb_scan): rows=25000 median=0.968ms ns_per_row=38.7 (min-of-R=0.950ms)
stage(A2_header_decode): rows=25000 median=1.051ms ns_per_row=42.0 (min-of-R=1.049ms)
diff(A1->A2): ns_per_row=3.3
bucket(A1->A2): ns_per_row=3.3 ratio=8.59% band=within_noise_band
stage(A3_rls_visible): rows=25000 median=1.186ms ns_per_row=47.4 (min-of-R=1.178ms)
diff(A2->A3): ns_per_row=5.4
bucket(A2->A3): ns_per_row=5.4 ratio=12.80% band=within_noise_band
stage(A4_dim_meta_decode): rows=25000 median=1.369ms ns_per_row=54.8 (min-of-R=1.348ms)
diff(A3->A4): ns_per_row=7.3
bucket(A3->A4): ns_per_row=7.3 ratio=15.47% band=above_noise_band
stage(A5_scalar_validate): rows=25000 median=1.490ms ns_per_row=59.6 (min-of-R=1.487ms)
diff(A4->A5): ns_per_row=4.9
bucket(A4->A5): ns_per_row=4.9 ratio=8.87% band=within_noise_band
e2e(agg_count/A0a, ctx=tenant-a): median=0.050ms
e2e(rls_isolation/A0b, ctx=tenant-b): median=0.050ms
e2e(agg_count/A0c-cold, ctx=tenant-a, includes Storage::open): median=6.567ms (sample minimum, N=20: 6.499ms)
--- W series (median-of-R / min-of-R, ns/row over visible (tenant-a Public) rows) ---
stage(W1_scalar_scan): rows=23000 median=0.313ms ns_per_row=13.6 (min-of-R=0.313ms)
stage(W2_predicate): rows=23000 median=0.461ms ns_per_row=20.1 (min-of-R=0.460ms)
diff(W1->W2): ns_per_row=6.4
bucket(W1->W2): ns_per_row=6.4 ratio=47.27% band=above_noise_band
stage(W3_arena_copy): rows=23000 median=0.497ms ns_per_row=21.6 (min-of-R=0.493ms)
diff(W2->W3): ns_per_row=1.5
bucket(W2->W3): ns_per_row=1.5 ratio=7.72% band=within_noise_band
W4_provider_search: matched_rows=4600 median=0.121ms (min-of-R=0.118ms)
R_dot_kernel_distance_only (reference band): median=0.173ms min-of-R=0.172ms reference_band=13.60%
e2e(vector_knn_where/W0-cold): median=14.540ms
e2e(vector_knn_where/W0-hot): median=0.341ms (min-of-R=0.338ms)
e2e(vector_knn/W0-nowhere, cache fast path): median=0.627ms
diff(W0-nowhere->W0-hot): n/a (独立計測どうしの中央値比較のため測定ノイズにより逆転・未確定)
selectivity=1/5 expected_visible_hits=4600 (20.00%)
scalar_index(index,k=10): index_scans=+39 plain_scan_fallbacks=+0 builds=+1 arena_cache_hits=+39
index_mask_scans_delta=39
scalar_index(plain,k=10): index_scans=+0 plain_scan_fallbacks=+0 builds=+0 arena_cache_hits=+0
e2e(index,k=10): median=0.341ms (min-of-R=0.338ms)
e2e(plain,k=10): median=1.559ms (min-of-R=1.533ms)
arm_ratio(index->plain,k=10): ratio=357.43% (conflates ScalarIndex candidate reduction with plain-arm-only vec_norm cost; not an isolated index-effect measurement, see comment above)
--- index/plain/I-series per-round raw medians (ms) ---
round[0]: index=0.340 plain=1.601 I1=0.001 I2a=0.091 I2b=0.091 I3=0.127
round[1]: index=0.341 plain=1.536 I1=0.001 I2a=0.091 I2b=0.092 I3=0.138
round[2]: index=0.355 plain=1.533 I1=0.001 I2a=0.087 I2b=0.088 I3=0.103
round[3]: index=0.347 plain=1.571 I1=0.001 I2a=0.085 I2b=0.087 I3=0.118
round[4]: index=0.338 plain=1.559 I1=0.001 I2a=0.090 I2b=0.093 I3=0.125
--- index path buckets (I series; us and % of e2e index arm; median-of-R) ---
bucket_share(I1_index_candidate_resolve): us=1.2 pct_of_e2e=0.35% (min-of-R=1.0us)
bucket_share(I2a_candidate_predicate): us=90.4 pct_of_e2e=26.53% (min-of-R=85.3us)
bucket_share(I2b_candidate_mask_build): us=91.3 pct_of_e2e=26.80% (min-of-R=87.4us)
bucket_share(I3_provider_search): us=125.0 pct_of_e2e=36.68% (min-of-R=103.3us)
bucket_share(sql_surface_fixed_cost_residual): us=123.2 pct_of_e2e=36.17%
scan_stage_profile_bench: consistency checks passed (A3 visible row count == tenant_a_rows for both ctx_a/ctx_b every round, W2 match count == expected, W0-cold/W0-hot result ids within lang='ja' visible set, COUNT(*) == tenant_a_rows for both contexts, index arm and plain arm returned identical id sets, ScalarIndex candidate resolution confirmed non-vacuous via scalar_index_cache_stats() deltas)
