env: os=linux arch=x86_64 logical_cpus=12 isa=Avx2Fma loadavg=3.97 1.63 0.71 1/443 2903471
scan_stage_profile_bench: rows=25000 dim=128 rounds=5 scale=1 selectivity=1/5 (tenant_a=23000 public, tenant_b=2000 private)
--- per-round raw medians (ms) ---
round[0]: A1=0.932 A2=1.083 A3=1.192 A4=1.344 A5=1.481 W1=0.309 W2=0.465 W3=0.498 W4=0.104 R_dot=0.222
round[1]: A1=0.947 A2=1.079 A3=1.213 A4=1.347 A5=1.485 W1=0.315 W2=0.461 W3=0.499 W4=0.122 R_dot=0.179
round[2]: A1=0.949 A2=1.063 A3=1.195 A4=1.360 A5=1.526 W1=0.318 W2=0.463 W3=0.503 W4=0.090 R_dot=0.179
round[3]: A1=0.947 A2=1.084 A3=1.190 A4=1.370 A5=1.514 W1=0.318 W2=0.465 W3=0.499 W4=0.117 R_dot=0.178
round[4]: A1=0.948 A2=1.064 A3=1.193 A4=1.360 A5=1.504 W1=0.313 W2=0.464 W3=0.501 W4=0.126 R_dot=0.182
--- A series (median-of-R / min-of-R, ns/row over total physical rows) ---
stage(A1_redb_scan): rows=25000 median=0.947ms ns_per_row=37.9 (min-of-R=0.932ms)
stage(A2_header_decode): rows=25000 median=1.079ms ns_per_row=43.2 (min-of-R=1.063ms)
diff(A1->A2): ns_per_row=5.3
bucket(A1->A2): ns_per_row=5.3 ratio=13.94% band=within_noise_band
stage(A3_rls_visible): rows=25000 median=1.193ms ns_per_row=47.7 (min-of-R=1.190ms)
diff(A2->A3): ns_per_row=4.5
bucket(A2->A3): ns_per_row=4.5 ratio=10.53% band=within_noise_band
stage(A4_dim_meta_decode): rows=25000 median=1.360ms ns_per_row=54.4 (min-of-R=1.344ms)
diff(A3->A4): ns_per_row=6.7
bucket(A3->A4): ns_per_row=6.7 ratio=13.99% band=within_noise_band
stage(A5_scalar_validate): rows=25000 median=1.504ms ns_per_row=60.2 (min-of-R=1.481ms)
diff(A4->A5): ns_per_row=5.8
bucket(A4->A5): ns_per_row=5.8 ratio=10.60% band=within_noise_band
e2e(agg_count/A0a, ctx=tenant-a): median=0.050ms
e2e(rls_isolation/A0b, ctx=tenant-b): median=0.050ms
e2e(agg_count/A0c-cold, ctx=tenant-a, includes Storage::open): median=6.510ms (sample minimum, N=20: 6.432ms)
--- W series (median-of-R / min-of-R, ns/row over visible (tenant-a Public) rows) ---
stage(W1_scalar_scan): rows=23000 median=0.315ms ns_per_row=13.7 (min-of-R=0.309ms)
stage(W2_predicate): rows=23000 median=0.464ms ns_per_row=20.2 (min-of-R=0.461ms)
diff(W1->W2): ns_per_row=6.4
bucket(W1->W2): ns_per_row=6.4 ratio=47.07% band=above_noise_band
stage(W3_arena_copy): rows=23000 median=0.499ms ns_per_row=21.7 (min-of-R=0.498ms)
diff(W2->W3): ns_per_row=1.6
bucket(W2->W3): ns_per_row=1.6 ratio=7.72% band=within_noise_band
W4_provider_search: matched_rows=4600 median=0.117ms (min-of-R=0.090ms)
R_dot_kernel_distance_only (reference band): median=0.179ms min-of-R=0.178ms reference_band=24.68%
e2e(vector_knn_where/W0-cold): median=14.950ms
e2e(vector_knn_where/W0-hot): median=0.336ms (min-of-R=0.320ms)
e2e(vector_knn/W0-nowhere, cache fast path): median=0.832ms
diff(W0-nowhere->W0-hot): n/a (独立計測どうしの中央値比較のため測定ノイズにより逆転・未確定)
selectivity=1/5 expected_visible_hits=4600 (20.00%)
scalar_index(index,k=10): index_scans=+39 plain_scan_fallbacks=+0 builds=+1 arena_cache_hits=+39
index_mask_scans_delta=39
scalar_index(plain,k=10): index_scans=+0 plain_scan_fallbacks=+0 builds=+0 arena_cache_hits=+0
e2e(index,k=10): median=0.336ms (min-of-R=0.320ms)
e2e(plain,k=10): median=1.539ms (min-of-R=1.516ms)
arm_ratio(index->plain,k=10): ratio=358.54% (conflates ScalarIndex candidate reduction with plain-arm-only vec_norm cost; not an isolated index-effect measurement, see comment above)
--- index/plain/I-series per-round raw medians (ms) ---
round[0]: index=0.320 plain=1.674 I1=0.001 I2a=0.087 I2b=0.087 I3=0.144
round[1]: index=0.330 plain=1.516 I1=0.001 I2a=0.085 I2b=0.089 I3=0.106
round[2]: index=0.341 plain=1.575 I1=0.001 I2a=0.086 I2b=0.088 I3=0.104
round[3]: index=0.336 plain=1.536 I1=0.001 I2a=0.085 I2b=0.089 I3=0.111
round[4]: index=0.337 plain=1.539 I1=0.001 I2a=0.087 I2b=0.087 I3=0.104
--- index path buckets (I series; us and % of e2e index arm; median-of-R) ---
bucket_share(I1_index_candidate_resolve): us=1.1 pct_of_e2e=0.31% (min-of-R=1.0us)
bucket_share(I2a_candidate_predicate): us=85.7 pct_of_e2e=25.55% (min-of-R=85.3us)
bucket_share(I2b_candidate_mask_build): us=87.7 pct_of_e2e=26.15% (min-of-R=87.1us)
bucket_share(I3_provider_search): us=106.2 pct_of_e2e=31.64% (min-of-R=103.6us)
bucket_share(sql_surface_fixed_cost_residual): us=140.6 pct_of_e2e=41.90%
scan_stage_profile_bench: consistency checks passed (A3 visible row count == tenant_a_rows for both ctx_a/ctx_b every round, W2 match count == expected, W0-cold/W0-hot result ids within lang='ja' visible set, COUNT(*) == tenant_a_rows for both contexts, index arm and plain arm returned identical id sets, ScalarIndex candidate resolution confirmed non-vacuous via scalar_index_cache_stats() deltas)
