2026-09-08T16:41:39Z crossdb-self/before/run1: 2.73 0.77 0.34 1/443 2749105
2026-09-08T16:41:42Z hybrid-hybrid/before/run1: 2.51 0.75 0.33 1/443 2757799
2026-09-08T16:41:44Z hybrid-warm_where_then_hybrid/before/run1: 2.51 0.75 0.33 1/443 2760772
2026-09-08T16:41:46Z hybrid-body_predicate/before/run1: 2.31 0.74 0.33 1/443 2764089
2026-09-08T16:41:48Z crossdb-self/after/run1: 2.31 0.74 0.33 2/443 2764101
2026-09-08T16:41:51Z hybrid-hybrid/after/run1: 2.77 0.86 0.37 1/443 2772795
2026-09-08T16:41:53Z hybrid-warm_where_then_hybrid/after/run1: 2.77 0.86 0.37 1/443 2775762
2026-09-08T16:41:55Z hybrid-body_predicate/after/run1: 2.63 0.86 0.38 1/443 2779075
2026-09-08T16:41:57Z crossdb-self/before/run2: 2.63 0.86 0.38 1/443 2779088
2026-09-08T16:42:00Z hybrid-hybrid/before/run2: 2.50 0.87 0.38 1/443 2787780
2026-09-08T16:42:02Z hybrid-warm_where_then_hybrid/before/run2: 2.50 0.87 0.38 1/443 2790743
2026-09-08T16:42:04Z hybrid-body_predicate/before/run2: 2.50 0.87 0.38 1/443 2794056
2026-09-08T16:42:05Z crossdb-self/after/run2: 2.29 0.85 0.38 1/443 2794068
2026-09-08T16:42:08Z hybrid-hybrid/after/run2: 2.29 0.85 0.38 1/444 2802760
2026-09-08T16:42:11Z hybrid-warm_where_then_hybrid/after/run2: 2.35 0.89 0.39 1/443 2805723
2026-09-08T16:42:13Z hybrid-body_predicate/after/run2: 2.35 0.89 0.39 1/443 2809036
2026-09-08T16:42:14Z crossdb-self/before/run3: 2.35 0.89 0.39 1/443 2809049
2026-09-08T16:42:17Z hybrid-hybrid/before/run3: 2.16 0.87 0.39 1/443 2817740
2026-09-08T16:42:19Z hybrid-warm_where_then_hybrid/before/run3: 2.07 0.88 0.39 1/443 2820703
2026-09-08T16:42:22Z hybrid-body_predicate/before/run3: 2.07 0.88 0.39 1/443 2824016
2026-09-08T16:42:23Z crossdb-self/after/run3: 2.07 0.88 0.39 1/444 2824029
2026-09-08T16:42:26Z hybrid-hybrid/after/run3: 1.98 0.88 0.40 1/444 2832720
2026-09-08T16:42:28Z hybrid-warm_where_then_hybrid/after/run3: 1.98 0.88 0.40 1/444 2835683
2026-09-08T16:42:30Z hybrid-body_predicate/after/run3: 2.31 0.96 0.43 1/444 2838996
2026-09-08T16:42:32Z crossdb-self/before/run4: 2.31 0.96 0.43 1/444 2839009
2026-09-08T16:42:35Z hybrid-hybrid/before/run4: 2.20 0.96 0.43 1/443 2847700
2026-09-08T16:42:37Z hybrid-warm_where_then_hybrid/before/run4: 2.20 0.96 0.43 1/443 2850663
2026-09-08T16:42:39Z hybrid-body_predicate/before/run4: 2.20 0.96 0.43 1/444 2853977
2026-09-08T16:42:41Z crossdb-self/after/run4: 2.10 0.97 0.43 1/444 2853992
2026-09-08T16:42:44Z hybrid-hybrid/after/run4: 2.10 0.97 0.43 1/444 2862687
2026-09-08T16:42:46Z hybrid-warm_where_then_hybrid/after/run4: 2.02 0.97 0.44 1/444 2865650
2026-09-08T16:42:48Z hybrid-body_predicate/after/run4: 2.02 0.97 0.44 1/444 2868963
2026-09-08T16:42:49Z crossdb-self/before/run5: 1.85 0.95 0.44 1/444 2868976
2026-09-08T16:42:53Z hybrid-hybrid/before/run5: 1.85 0.95 0.44 1/444 2877667
2026-09-08T16:42:55Z hybrid-warm_where_then_hybrid/before/run5: 1.79 0.95 0.44 1/443 2880630
2026-09-08T16:42:57Z hybrid-body_predicate/before/run5: 1.79 0.95 0.44 2/444 2883944
2026-09-08T16:42:58Z crossdb-self/after/run5: 1.79 0.95 0.44 1/444 2883956
2026-09-08T16:43:01Z hybrid-hybrid/after/run5: 1.72 0.95 0.44 1/444 2892647
2026-09-08T16:43:03Z hybrid-warm_where_then_hybrid/after/run5: 1.72 0.95 0.44 1/444 2895611
2026-09-08T16:43:06Z hybrid-body_predicate/after/run5: 1.66 0.95 0.45 1/443 2898924
