env: os=linux arch=x86_64 logical_cpus=12 isa=Avx2Fma loadavg=3.31 1.60 0.72 1/443 2914460
scan_stage_profile_bench: rows=25000 dim=128 rounds=5 scale=1 selectivity=1/5 (tenant_a=23000 public, tenant_b=2000 private)
--- per-round raw medians (ms) ---
round[0]: A1=0.956 A2=1.046 A3=1.181 A4=1.348 A5=1.488 W1=0.316 W2=0.468 W3=0.498 W4=0.109 R_dot=0.195
round[1]: A1=0.966 A2=1.073 A3=1.194 A4=1.352 A5=1.495 W1=0.313 W2=0.466 W3=0.498 W4=0.097 R_dot=0.226
round[2]: A1=0.968 A2=1.046 A3=1.175 A4=1.348 A5=1.486 W1=0.317 W2=0.462 W3=0.500 W4=0.095 R_dot=0.196
round[3]: A1=0.968 A2=1.046 A3=1.177 A4=1.372 A5=1.485 W1=0.318 W2=0.462 W3=0.499 W4=0.093 R_dot=0.220
round[4]: A1=0.967 A2=1.062 A3=1.181 A4=1.370 A5=1.489 W1=0.314 W2=0.461 W3=0.497 W4=0.107 R_dot=0.211
--- A series (median-of-R / min-of-R, ns/row over total physical rows) ---
stage(A1_redb_scan): rows=25000 median=0.967ms ns_per_row=38.7 (min-of-R=0.956ms)
stage(A2_header_decode): rows=25000 median=1.046ms ns_per_row=41.9 (min-of-R=1.046ms)
diff(A1->A2): ns_per_row=3.2
bucket(A1->A2): ns_per_row=3.2 ratio=8.21% band=within_noise_band
stage(A3_rls_visible): rows=25000 median=1.181ms ns_per_row=47.2 (min-of-R=1.175ms)
diff(A2->A3): ns_per_row=5.4
bucket(A2->A3): ns_per_row=5.4 ratio=12.83% band=within_noise_band
stage(A4_dim_meta_decode): rows=25000 median=1.352ms ns_per_row=54.1 (min-of-R=1.348ms)
diff(A3->A4): ns_per_row=6.9
bucket(A3->A4): ns_per_row=6.9 ratio=14.51% band=within_noise_band
stage(A5_scalar_validate): rows=25000 median=1.488ms ns_per_row=59.5 (min-of-R=1.485ms)
diff(A4->A5): ns_per_row=5.5
bucket(A4->A5): ns_per_row=5.5 ratio=10.08% band=within_noise_band
e2e(agg_count/A0a, ctx=tenant-a): median=0.050ms
e2e(rls_isolation/A0b, ctx=tenant-b): median=0.050ms
e2e(agg_count/A0c-cold, ctx=tenant-a, includes Storage::open): median=6.525ms (sample minimum, N=20: 6.386ms)
--- W series (median-of-R / min-of-R, ns/row over visible (tenant-a Public) rows) ---
stage(W1_scalar_scan): rows=23000 median=0.316ms ns_per_row=13.8 (min-of-R=0.313ms)
stage(W2_predicate): rows=23000 median=0.462ms ns_per_row=20.1 (min-of-R=0.461ms)
diff(W1->W2): ns_per_row=6.3
bucket(W1->W2): ns_per_row=6.3 ratio=46.07% band=above_noise_band
stage(W3_arena_copy): rows=23000 median=0.498ms ns_per_row=21.7 (min-of-R=0.497ms)
diff(W2->W3): ns_per_row=1.6
bucket(W2->W3): ns_per_row=1.6 ratio=7.79% band=within_noise_band
W4_provider_search: matched_rows=4600 median=0.097ms (min-of-R=0.093ms)
R_dot_kernel_distance_only (reference band): median=0.211ms min-of-R=0.195ms reference_band=16.19%
e2e(vector_knn_where/W0-cold): median=14.396ms
e2e(vector_knn_where/W0-hot): median=0.338ms (min-of-R=0.324ms)
e2e(vector_knn/W0-nowhere, cache fast path): median=0.594ms
diff(W0-nowhere->W0-hot): n/a (独立計測どうしの中央値比較のため測定ノイズにより逆転・未確定)
selectivity=1/5 expected_visible_hits=4600 (20.00%)
scalar_index(index,k=10): index_scans=+39 plain_scan_fallbacks=+0 builds=+1 arena_cache_hits=+39
index_mask_scans_delta=39
scalar_index(plain,k=10): index_scans=+0 plain_scan_fallbacks=+0 builds=+0 arena_cache_hits=+0
e2e(index,k=10): median=0.338ms (min-of-R=0.324ms)
e2e(plain,k=10): median=1.546ms (min-of-R=1.528ms)
arm_ratio(index->plain,k=10): ratio=357.69% (conflates ScalarIndex candidate reduction with plain-arm-only vec_norm cost; not an isolated index-effect measurement, see comment above)
--- index/plain/I-series per-round raw medians (ms) ---
round[0]: index=0.342 plain=1.546 I1=0.001 I2a=0.089 I2b=0.091 I3=0.130
round[1]: index=0.325 plain=1.584 I1=0.001 I2a=0.086 I2b=0.087 I3=0.129
round[2]: index=0.349 plain=1.554 I1=0.001 I2a=0.089 I2b=0.091 I3=0.123
round[3]: index=0.324 plain=1.528 I1=0.001 I2a=0.085 I2b=0.088 I3=0.129
round[4]: index=0.338 plain=1.544 I1=0.001 I2a=0.085 I2b=0.089 I3=0.108
--- index path buckets (I series; us and % of e2e index arm; median-of-R) ---
bucket_share(I1_index_candidate_resolve): us=1.2 pct_of_e2e=0.36% (min-of-R=1.0us)
bucket_share(I2a_candidate_predicate): us=85.9 pct_of_e2e=25.43% (min-of-R=85.2us)
bucket_share(I2b_candidate_mask_build): us=88.7 pct_of_e2e=26.26% (min-of-R=87.3us)
bucket_share(I3_provider_search): us=128.6 pct_of_e2e=38.08% (min-of-R=108.1us)
bucket_share(sql_surface_fixed_cost_residual): us=119.3 pct_of_e2e=35.31%
scan_stage_profile_bench: consistency checks passed (A3 visible row count == tenant_a_rows for both ctx_a/ctx_b every round, W2 match count == expected, W0-cold/W0-hot result ids within lang='ja' visible set, COUNT(*) == tenant_a_rows for both contexts, index arm and plain arm returned identical id sets, ScalarIndex candidate resolution confirmed non-vacuous via scalar_index_cache_stats() deltas)
