env: os=linux arch=x86_64 logical_cpus=12 isa=Avx2Fma loadavg=2.52 1.55 0.73 1/443 2955088
scan_stage_profile_bench: rows=25000 dim=128 rounds=5 scale=1 selectivity=1/3 (tenant_a=23000 public, tenant_b=2000 private)
--- per-round raw medians (ms) ---
round[0]: A1=0.931 A2=1.122 A3=1.213 A4=1.344 A5=1.494 W1=0.316 W2=0.396 W3=0.494 W4=0.156 R_dot=0.196
round[1]: A1=0.945 A2=1.070 A3=1.195 A4=1.341 A5=1.490 W1=0.313 W2=0.394 W3=0.522 W4=0.148 R_dot=0.195
round[2]: A1=0.961 A2=1.108 A3=1.319 A4=1.337 A5=1.492 W1=0.313 W2=0.397 W3=0.508 W4=0.131 R_dot=0.195
round[3]: A1=0.947 A2=1.087 A3=1.207 A4=1.344 A5=1.501 W1=0.314 W2=0.391 W3=0.490 W4=0.142 R_dot=0.175
round[4]: A1=0.949 A2=1.064 A3=1.192 A4=1.335 A5=1.502 W1=0.313 W2=0.391 W3=0.506 W4=0.239 R_dot=0.217
--- A series (median-of-R / min-of-R, ns/row over total physical rows) ---
stage(A1_redb_scan): rows=25000 median=0.947ms ns_per_row=37.9 (min-of-R=0.931ms)
stage(A2_header_decode): rows=25000 median=1.087ms ns_per_row=43.5 (min-of-R=1.064ms)
diff(A1->A2): ns_per_row=5.6
bucket(A1->A2): ns_per_row=5.6 ratio=14.77% band=within_noise_band
stage(A3_rls_visible): rows=25000 median=1.207ms ns_per_row=48.3 (min-of-R=1.192ms)
diff(A2->A3): ns_per_row=4.8
bucket(A2->A3): ns_per_row=4.8 ratio=11.04% band=within_noise_band
stage(A4_dim_meta_decode): rows=25000 median=1.341ms ns_per_row=53.6 (min-of-R=1.335ms)
diff(A3->A4): ns_per_row=5.4
bucket(A3->A4): ns_per_row=5.4 ratio=11.11% band=within_noise_band
stage(A5_scalar_validate): rows=25000 median=1.494ms ns_per_row=59.8 (min-of-R=1.490ms)
diff(A4->A5): ns_per_row=6.1
bucket(A4->A5): ns_per_row=6.1 ratio=11.44% band=within_noise_band
e2e(agg_count/A0a, ctx=tenant-a): median=0.050ms
e2e(rls_isolation/A0b, ctx=tenant-b): median=0.050ms
e2e(agg_count/A0c-cold, ctx=tenant-a, includes Storage::open): median=6.609ms (sample minimum, N=20: 6.552ms)
--- W series (median-of-R / min-of-R, ns/row over visible (tenant-a Public) rows) ---
stage(W1_scalar_scan): rows=23000 median=0.313ms ns_per_row=13.6 (min-of-R=0.313ms)
stage(W2_predicate): rows=23000 median=0.394ms ns_per_row=17.1 (min-of-R=0.391ms)
diff(W1->W2): ns_per_row=3.5
bucket(W1->W2): ns_per_row=3.5 ratio=26.10% band=above_noise_band
stage(W3_arena_copy): rows=23000 median=0.506ms ns_per_row=22.0 (min-of-R=0.490ms)
diff(W2->W3): ns_per_row=4.9
bucket(W2->W3): ns_per_row=4.9 ratio=28.30% band=above_noise_band
W4_provider_search: matched_rows=7667 median=0.148ms (min-of-R=0.131ms)
R_dot_kernel_distance_only (reference band): median=0.195ms min-of-R=0.175ms reference_band=23.64%
e2e(vector_knn_where/W0-cold): median=15.024ms
e2e(vector_knn_where/W0-hot): median=0.503ms (min-of-R=0.501ms)
e2e(vector_knn/W0-nowhere, cache fast path): median=0.610ms
diff(W0-nowhere->W0-hot): n/a (独立計測どうしの中央値比較のため測定ノイズにより逆転・未確定)
selectivity=1/3 expected_visible_hits=7667 (33.33%)
scalar_index(index,k=10): index_scans=+39 plain_scan_fallbacks=+0 builds=+1 arena_cache_hits=+39
index_mask_scans_delta=39
scalar_index(plain,k=10): index_scans=+0 plain_scan_fallbacks=+0 builds=+0 arena_cache_hits=+0
e2e(index,k=10): median=0.503ms (min-of-R=0.501ms)
e2e(plain,k=10): median=1.989ms (min-of-R=1.954ms)
arm_ratio(index->plain,k=10): ratio=295.22% (conflates ScalarIndex candidate reduction with plain-arm-only vec_norm cost; not an isolated index-effect measurement, see comment above)
--- index/plain/I-series per-round raw medians (ms) ---
round[0]: index=0.503 plain=1.980 I1=0.002 I2a=0.140 I2b=0.141 I3=0.157
round[1]: index=0.501 plain=1.989 I1=0.002 I2a=0.138 I2b=0.142 I3=0.147
round[2]: index=0.512 plain=1.995 I1=0.002 I2a=0.138 I2b=0.140 I3=0.143
round[3]: index=0.504 plain=1.954 I1=0.002 I2a=0.137 I2b=0.142 I3=0.143
round[4]: index=0.503 plain=1.993 I1=0.002 I2a=0.137 I2b=0.143 I3=0.145
--- index path buckets (I series; us and % of e2e index arm; median-of-R) ---
bucket_share(I1_index_candidate_resolve): us=1.9 pct_of_e2e=0.38% (min-of-R=1.9us)
bucket_share(I2a_candidate_predicate): us=138.1 pct_of_e2e=27.43% (min-of-R=137.1us)
bucket_share(I2b_candidate_mask_build): us=142.0 pct_of_e2e=28.21% (min-of-R=140.4us)
bucket_share(I3_provider_search): us=145.3 pct_of_e2e=28.86% (min-of-R=143.0us)
bucket_share(sql_surface_fixed_cost_residual): us=214.2 pct_of_e2e=42.55%
scan_stage_profile_bench: consistency checks passed (A3 visible row count == tenant_a_rows for both ctx_a/ctx_b every round, W2 match count == expected, W0-cold/W0-hot result ids within lang='ja' visible set, COUNT(*) == tenant_a_rows for both contexts, index arm and plain arm returned identical id sets, ScalarIndex candidate resolution confirmed non-vacuous via scalar_index_cache_stats() deltas)
