env: os=linux arch=x86_64 logical_cpus=12 isa=Avx2Fma loadavg=2.95 1.58 0.72 1/443 2923842
scan_stage_profile_bench: rows=25000 dim=128 rounds=5 scale=1 (tenant_a=23000 public, tenant_b=2000 private)
--- per-round raw medians (ms) ---
round[0]: A1=1.197 A2=1.413 A3=1.549 A4=1.719 A5=1.782 W1=0.323 W2=0.421 W3=0.501 W4=0.121 R_dot=0.184
round[1]: A1=1.217 A2=1.392 A3=1.552 A4=1.713 A5=1.811 W1=0.326 W2=0.422 W3=0.505 W4=0.109 R_dot=0.185
round[2]: A1=1.219 A2=1.395 A3=1.553 A4=1.710 A5=1.775 W1=0.324 W2=0.431 W3=0.501 W4=0.112 R_dot=0.188
round[3]: A1=1.217 A2=1.401 A3=1.556 A4=1.712 A5=1.780 W1=0.325 W2=0.423 W3=0.500 W4=0.104 R_dot=0.199
round[4]: A1=1.221 A2=1.388 A3=1.551 A4=1.727 A5=1.779 W1=0.327 W2=0.423 W3=0.502 W4=0.109 R_dot=0.191
--- A series (median-of-R / min-of-R, ns/row over total physical rows) ---
stage(A1_redb_scan): rows=25000 median=1.217ms ns_per_row=48.7 (min-of-R=1.197ms)
stage(A2_header_decode): rows=25000 median=1.395ms ns_per_row=55.8 (min-of-R=1.388ms)
diff(A1->A2): ns_per_row=7.1
bucket(A1->A2): ns_per_row=7.1 ratio=14.57% band=above_noise_band
stage(A3_rls_visible): rows=25000 median=1.552ms ns_per_row=62.1 (min-of-R=1.549ms)
diff(A2->A3): ns_per_row=6.3
bucket(A2->A3): ns_per_row=6.3 ratio=11.30% band=above_noise_band
stage(A4_dim_meta_decode): rows=25000 median=1.713ms ns_per_row=68.5 (min-of-R=1.710ms)
diff(A3->A4): ns_per_row=6.4
bucket(A3->A4): ns_per_row=6.4 ratio=10.33% band=above_noise_band
stage(A5_scalar_validate): rows=25000 median=1.780ms ns_per_row=71.2 (min-of-R=1.775ms)
diff(A4->A5): ns_per_row=2.7
bucket(A4->A5): ns_per_row=2.7 ratio=3.95% band=within_noise_band
e2e(agg_count/A0a, ctx=tenant-a): median=0.050ms
e2e(rls_isolation/A0b, ctx=tenant-b): median=0.050ms
e2e(agg_count/A0c-cold, ctx=tenant-a, includes Storage::open): median=6.691ms (sample minimum, N=20: 6.492ms)
--- W series (median-of-R / min-of-R, ns/row over visible (tenant-a Public) rows) ---
stage(W1_scalar_scan): rows=23000 median=0.325ms ns_per_row=14.1 (min-of-R=0.323ms)
stage(W2_predicate): rows=23000 median=0.423ms ns_per_row=18.4 (min-of-R=0.421ms)
diff(W1->W2): ns_per_row=4.2
bucket(W1->W2): ns_per_row=4.2 ratio=29.98% band=above_noise_band
stage(W3_arena_copy): rows=23000 median=0.501ms ns_per_row=21.8 (min-of-R=0.500ms)
diff(W2->W3): ns_per_row=3.4
bucket(W2->W3): ns_per_row=3.4 ratio=18.55% band=above_noise_band
W4_provider_search: matched_rows=4600 median=0.109ms (min-of-R=0.104ms)
R_dot_kernel_distance_only (reference band): median=0.188ms min-of-R=0.184ms reference_band=8.15%
e2e(vector_knn_where/W0-cold): median=14.557ms
e2e(vector_knn_where/W0-hot): median=0.650ms
e2e(vector_knn/W0-nowhere, cache fast path): median=0.595ms
diff(W0-nowhere->W0-hot, raw diff; conflates WHERE overhead with reduced dense candidate set size, see docs): 0.055ms
scan_stage_profile_bench: consistency checks passed (A3 visible row count == tenant_a_rows for both ctx_a/ctx_b every round, W2 match count == expected, W0-cold/W0-hot result ids within lang='ja' visible set, COUNT(*) == tenant_a_rows for both contexts)
