env: os=linux arch=x86_64 logical_cpus=12 isa=Avx2Fma loadavg=3.51 1.61 0.72 1/443 2912852
scan_stage_profile_bench: rows=25000 dim=128 rounds=5 scale=1 (tenant_a=23000 public, tenant_b=2000 private)
--- per-round raw medians (ms) ---
round[0]: A1=1.189 A2=1.398 A3=1.588 A4=1.732 A5=1.802 W1=0.325 W2=0.427 W3=0.495 W4=0.095 R_dot=0.202
round[1]: A1=1.211 A2=1.386 A3=1.588 A4=1.708 A5=1.762 W1=0.326 W2=0.429 W3=0.496 W4=0.095 R_dot=0.201
round[2]: A1=1.211 A2=1.390 A3=1.580 A4=1.695 A5=1.759 W1=0.328 W2=0.425 W3=0.496 W4=0.095 R_dot=0.194
round[3]: A1=1.195 A2=1.387 A3=1.564 A4=1.693 A5=1.765 W1=0.327 W2=0.426 W3=0.497 W4=0.101 R_dot=0.173
round[4]: A1=1.210 A2=1.401 A3=1.564 A4=1.739 A5=1.777 W1=0.326 W2=0.428 W3=0.497 W4=0.096 R_dot=0.204
--- A series (median-of-R / min-of-R, ns/row over total physical rows) ---
stage(A1_redb_scan): rows=25000 median=1.210ms ns_per_row=48.4 (min-of-R=1.189ms)
stage(A2_header_decode): rows=25000 median=1.390ms ns_per_row=55.6 (min-of-R=1.386ms)
diff(A1->A2): ns_per_row=7.2
bucket(A1->A2): ns_per_row=7.2 ratio=14.91% band=within_noise_band
stage(A3_rls_visible): rows=25000 median=1.580ms ns_per_row=63.2 (min-of-R=1.564ms)
diff(A2->A3): ns_per_row=7.6
bucket(A2->A3): ns_per_row=7.6 ratio=13.63% band=within_noise_band
stage(A4_dim_meta_decode): rows=25000 median=1.708ms ns_per_row=68.3 (min-of-R=1.693ms)
diff(A3->A4): ns_per_row=5.1
bucket(A3->A4): ns_per_row=5.1 ratio=8.08% band=within_noise_band
stage(A5_scalar_validate): rows=25000 median=1.765ms ns_per_row=70.6 (min-of-R=1.759ms)
diff(A4->A5): ns_per_row=2.3
bucket(A4->A5): ns_per_row=2.3 ratio=3.35% band=within_noise_band
e2e(agg_count/A0a, ctx=tenant-a): median=0.050ms
e2e(rls_isolation/A0b, ctx=tenant-b): median=0.050ms
e2e(agg_count/A0c-cold, ctx=tenant-a, includes Storage::open): median=6.721ms (sample minimum, N=20: 6.456ms)
--- W series (median-of-R / min-of-R, ns/row over visible (tenant-a Public) rows) ---
stage(W1_scalar_scan): rows=23000 median=0.326ms ns_per_row=14.2 (min-of-R=0.325ms)
stage(W2_predicate): rows=23000 median=0.427ms ns_per_row=18.6 (min-of-R=0.425ms)
diff(W1->W2): ns_per_row=4.4
bucket(W1->W2): ns_per_row=4.4 ratio=30.84% band=above_noise_band
stage(W3_arena_copy): rows=23000 median=0.496ms ns_per_row=21.6 (min-of-R=0.495ms)
diff(W2->W3): ns_per_row=3.0
bucket(W2->W3): ns_per_row=3.0 ratio=16.29% band=within_noise_band
W4_provider_search: matched_rows=4600 median=0.095ms (min-of-R=0.095ms)
R_dot_kernel_distance_only (reference band): median=0.201ms min-of-R=0.173ms reference_band=17.82%
e2e(vector_knn_where/W0-cold): median=14.645ms
e2e(vector_knn_where/W0-hot): median=0.649ms
e2e(vector_knn/W0-nowhere, cache fast path): median=0.606ms
diff(W0-nowhere->W0-hot, raw diff; conflates WHERE overhead with reduced dense candidate set size, see docs): 0.044ms
scan_stage_profile_bench: consistency checks passed (A3 visible row count == tenant_a_rows for both ctx_a/ctx_b every round, W2 match count == expected, W0-cold/W0-hot result ids within lang='ja' visible set, COUNT(*) == tenant_a_rows for both contexts)
