env: os=linux arch=x86_64 logical_cpus=12 isa=Avx2Fma loadavg=3.31 1.60 0.72 1/443 2918344
scan_stage_profile_bench: rows=25000 dim=128 rounds=5 scale=1 (tenant_a=23000 public, tenant_b=2000 private)
--- per-round raw medians (ms) ---
round[0]: A1=1.196 A2=1.388 A3=1.570 A4=1.710 A5=1.775 W1=0.325 W2=0.423 W3=0.497 W4=0.107 R_dot=0.192
round[1]: A1=1.219 A2=1.400 A3=1.552 A4=1.715 A5=1.777 W1=0.323 W2=0.425 W3=0.497 W4=0.092 R_dot=0.192
round[2]: A1=1.218 A2=1.402 A3=1.571 A4=1.714 A5=1.777 W1=0.325 W2=0.424 W3=0.501 W4=0.121 R_dot=0.195
round[3]: A1=1.221 A2=1.427 A3=1.551 A4=1.714 A5=1.782 W1=0.321 W2=0.422 W3=0.502 W4=0.169 R_dot=0.218
round[4]: A1=1.217 A2=1.400 A3=1.550 A4=1.711 A5=1.779 W1=0.323 W2=0.427 W3=0.495 W4=0.092 R_dot=0.177
--- A series (median-of-R / min-of-R, ns/row over total physical rows) ---
stage(A1_redb_scan): rows=25000 median=1.218ms ns_per_row=48.7 (min-of-R=1.196ms)
stage(A2_header_decode): rows=25000 median=1.400ms ns_per_row=56.0 (min-of-R=1.388ms)
diff(A1->A2): ns_per_row=7.3
bucket(A1->A2): ns_per_row=7.3 ratio=14.91% band=within_noise_band
stage(A3_rls_visible): rows=25000 median=1.552ms ns_per_row=62.1 (min-of-R=1.550ms)
diff(A2->A3): ns_per_row=6.1
bucket(A2->A3): ns_per_row=6.1 ratio=10.86% band=within_noise_band
stage(A4_dim_meta_decode): rows=25000 median=1.714ms ns_per_row=68.5 (min-of-R=1.710ms)
diff(A3->A4): ns_per_row=6.5
bucket(A3->A4): ns_per_row=6.5 ratio=10.43% band=within_noise_band
stage(A5_scalar_validate): rows=25000 median=1.777ms ns_per_row=71.1 (min-of-R=1.775ms)
diff(A4->A5): ns_per_row=2.5
bucket(A4->A5): ns_per_row=2.5 ratio=3.69% band=within_noise_band
e2e(agg_count/A0a, ctx=tenant-a): median=0.050ms
e2e(rls_isolation/A0b, ctx=tenant-b): median=0.050ms
e2e(agg_count/A0c-cold, ctx=tenant-a, includes Storage::open): median=6.458ms (sample minimum, N=20: 6.424ms)
--- W series (median-of-R / min-of-R, ns/row over visible (tenant-a Public) rows) ---
stage(W1_scalar_scan): rows=23000 median=0.323ms ns_per_row=14.0 (min-of-R=0.321ms)
stage(W2_predicate): rows=23000 median=0.424ms ns_per_row=18.4 (min-of-R=0.422ms)
diff(W1->W2): ns_per_row=4.4
bucket(W1->W2): ns_per_row=4.4 ratio=31.41% band=above_noise_band
stage(W3_arena_copy): rows=23000 median=0.497ms ns_per_row=21.6 (min-of-R=0.495ms)
diff(W2->W3): ns_per_row=3.2
bucket(W2->W3): ns_per_row=3.2 ratio=17.17% band=within_noise_band
W4_provider_search: matched_rows=4600 median=0.107ms (min-of-R=0.092ms)
R_dot_kernel_distance_only (reference band): median=0.192ms min-of-R=0.177ms reference_band=22.82%
e2e(vector_knn_where/W0-cold): median=14.595ms
e2e(vector_knn_where/W0-hot): median=0.687ms
e2e(vector_knn/W0-nowhere, cache fast path): median=0.642ms
diff(W0-nowhere->W0-hot, raw diff; conflates WHERE overhead with reduced dense candidate set size, see docs): 0.045ms
scan_stage_profile_bench: consistency checks passed (A3 visible row count == tenant_a_rows for both ctx_a/ctx_b every round, W2 match count == expected, W0-cold/W0-hot result ids within lang='ja' visible set, COUNT(*) == tenant_a_rows for both contexts)
