env: os=linux arch=x86_64 logical_cpus=12 isa=Avx2Fma loadavg=2.65 1.56 0.73 1/443 2935779
scan_stage_profile_bench: rows=25000 dim=128 rounds=5 scale=1 selectivity=1/3 (tenant_a=23000 public, tenant_b=2000 private)
--- per-round raw medians (ms) ---
round[0]: A1=0.937 A2=1.055 A3=1.230 A4=1.330 A5=1.487 W1=0.311 W2=0.390 W3=0.494 W4=0.144 R_dot=0.198
round[1]: A1=0.957 A2=1.095 A3=1.252 A4=1.338 A5=1.525 W1=0.319 W2=0.394 W3=0.494 W4=0.168 R_dot=0.191
round[2]: A1=0.954 A2=1.049 A3=1.251 A4=1.331 A5=1.499 W1=0.313 W2=0.388 W3=0.490 W4=0.147 R_dot=0.197
round[3]: A1=0.955 A2=1.050 A3=1.244 A4=1.331 A5=1.484 W1=0.312 W2=0.394 W3=0.490 W4=0.127 R_dot=0.212
round[4]: A1=0.956 A2=1.096 A3=1.251 A4=1.337 A5=1.488 W1=0.311 W2=0.390 W3=0.490 W4=0.243 R_dot=0.438
--- A series (median-of-R / min-of-R, ns/row over total physical rows) ---
stage(A1_redb_scan): rows=25000 median=0.955ms ns_per_row=38.2 (min-of-R=0.937ms)
stage(A2_header_decode): rows=25000 median=1.055ms ns_per_row=42.2 (min-of-R=1.049ms)
diff(A1->A2): ns_per_row=4.0
bucket(A1->A2): ns_per_row=4.0 ratio=10.52% band=within_noise_band
stage(A3_rls_visible): rows=25000 median=1.251ms ns_per_row=50.0 (min-of-R=1.230ms)
diff(A2->A3): ns_per_row=7.8
bucket(A2->A3): ns_per_row=7.8 ratio=18.56% band=within_noise_band
stage(A4_dim_meta_decode): rows=25000 median=1.331ms ns_per_row=53.2 (min-of-R=1.330ms)
diff(A3->A4): ns_per_row=3.2
bucket(A3->A4): ns_per_row=3.2 ratio=6.43% band=within_noise_band
stage(A5_scalar_validate): rows=25000 median=1.488ms ns_per_row=59.5 (min-of-R=1.484ms)
diff(A4->A5): ns_per_row=6.3
bucket(A4->A5): ns_per_row=6.3 ratio=11.80% band=within_noise_band
e2e(agg_count/A0a, ctx=tenant-a): median=0.050ms
e2e(rls_isolation/A0b, ctx=tenant-b): median=0.050ms
e2e(agg_count/A0c-cold, ctx=tenant-a, includes Storage::open): median=6.492ms (sample minimum, N=20: 6.377ms)
--- W series (median-of-R / min-of-R, ns/row over visible (tenant-a Public) rows) ---
stage(W1_scalar_scan): rows=23000 median=0.312ms ns_per_row=13.6 (min-of-R=0.311ms)
stage(W2_predicate): rows=23000 median=0.390ms ns_per_row=17.0 (min-of-R=0.388ms)
diff(W1->W2): ns_per_row=3.4
bucket(W1->W2): ns_per_row=3.4 ratio=25.00% band=within_noise_band
stage(W3_arena_copy): rows=23000 median=0.490ms ns_per_row=21.3 (min-of-R=0.490ms)
diff(W2->W3): ns_per_row=4.3
bucket(W2->W3): ns_per_row=4.3 ratio=25.63% band=within_noise_band
W4_provider_search: matched_rows=7667 median=0.147ms (min-of-R=0.127ms)
R_dot_kernel_distance_only (reference band): median=0.198ms min-of-R=0.191ms reference_band=128.97%
e2e(vector_knn_where/W0-cold): median=14.677ms
e2e(vector_knn_where/W0-hot): median=0.510ms (min-of-R=0.506ms)
e2e(vector_knn/W0-nowhere, cache fast path): median=0.610ms
diff(W0-nowhere->W0-hot): n/a (独立計測どうしの中央値比較のため測定ノイズにより逆転・未確定)
selectivity=1/3 expected_visible_hits=7667 (33.33%)
scalar_index(index,k=10): index_scans=+39 plain_scan_fallbacks=+0 builds=+1 arena_cache_hits=+39
index_mask_scans_delta=39
scalar_index(plain,k=10): index_scans=+0 plain_scan_fallbacks=+0 builds=+0 arena_cache_hits=+0
e2e(index,k=10): median=0.510ms (min-of-R=0.506ms)
e2e(plain,k=10): median=1.995ms (min-of-R=1.995ms)
arm_ratio(index->plain,k=10): ratio=290.88% (conflates ScalarIndex candidate reduction with plain-arm-only vec_norm cost; not an isolated index-effect measurement, see comment above)
--- index/plain/I-series per-round raw medians (ms) ---
round[0]: index=0.510 plain=1.995 I1=0.002 I2a=0.141 I2b=0.140 I3=0.168
round[1]: index=0.509 plain=2.027 I1=0.002 I2a=0.137 I2b=0.141 I3=0.167
round[2]: index=0.521 plain=1.999 I1=0.002 I2a=0.137 I2b=0.141 I3=0.154
round[3]: index=0.506 plain=1.995 I1=0.002 I2a=0.140 I2b=0.141 I3=0.162
round[4]: index=0.513 plain=1.995 I1=0.002 I2a=0.137 I2b=0.140 I3=0.156
--- index path buckets (I series; us and % of e2e index arm; median-of-R) ---
bucket_share(I1_index_candidate_resolve): us=1.9 pct_of_e2e=0.37% (min-of-R=1.9us)
bucket_share(I2a_candidate_predicate): us=137.1 pct_of_e2e=26.87% (min-of-R=136.6us)
bucket_share(I2b_candidate_mask_build): us=140.7 pct_of_e2e=27.56% (min-of-R=140.1us)
bucket_share(I3_provider_search): us=162.3 pct_of_e2e=31.81% (min-of-R=154.1us)
bucket_share(sql_surface_fixed_cost_residual): us=205.5 pct_of_e2e=40.27%
scan_stage_profile_bench: consistency checks passed (A3 visible row count == tenant_a_rows for both ctx_a/ctx_b every round, W2 match count == expected, W0-cold/W0-hot result ids within lang='ja' visible set, COUNT(*) == tenant_a_rows for both contexts, index arm and plain arm returned identical id sets, ScalarIndex candidate resolution confirmed non-vacuous via scalar_index_cache_stats() deltas)
