env: os=linux arch=x86_64 logical_cpus=12 isa=Avx2Fma loadavg=3.13 1.59 0.72 1/443 2919955
scan_stage_profile_bench: rows=25000 dim=128 rounds=5 scale=1 selectivity=1/5 (tenant_a=23000 public, tenant_b=2000 private)
--- per-round raw medians (ms) ---
round[0]: A1=0.929 A2=1.114 A3=1.188 A4=1.352 A5=1.484 W1=0.311 W2=0.461 W3=0.499 W4=0.097 R_dot=0.221
round[1]: A1=0.947 A2=1.083 A3=1.189 A4=1.333 A5=1.520 W1=0.313 W2=0.465 W3=0.496 W4=0.100 R_dot=0.178
round[2]: A1=0.949 A2=1.062 A3=1.187 A4=1.331 A5=1.498 W1=0.313 W2=0.462 W3=0.502 W4=0.091 R_dot=0.206
round[3]: A1=0.947 A2=1.060 A3=1.188 A4=1.335 A5=1.512 W1=0.319 W2=0.464 W3=0.503 W4=0.108 R_dot=0.201
round[4]: A1=0.947 A2=1.130 A3=1.213 A4=1.333 A5=1.514 W1=0.313 W2=0.465 W3=0.496 W4=0.098 R_dot=0.202
--- A series (median-of-R / min-of-R, ns/row over total physical rows) ---
stage(A1_redb_scan): rows=25000 median=0.947ms ns_per_row=37.9 (min-of-R=0.929ms)
stage(A2_header_decode): rows=25000 median=1.083ms ns_per_row=43.3 (min-of-R=1.060ms)
diff(A1->A2): ns_per_row=5.5
bucket(A1->A2): ns_per_row=5.5 ratio=14.39% band=within_noise_band
stage(A3_rls_visible): rows=25000 median=1.188ms ns_per_row=47.5 (min-of-R=1.187ms)
diff(A2->A3): ns_per_row=4.2
bucket(A2->A3): ns_per_row=4.2 ratio=9.68% band=within_noise_band
stage(A4_dim_meta_decode): rows=25000 median=1.333ms ns_per_row=53.3 (min-of-R=1.331ms)
diff(A3->A4): ns_per_row=5.8
bucket(A3->A4): ns_per_row=5.8 ratio=12.19% band=within_noise_band
stage(A5_scalar_validate): rows=25000 median=1.512ms ns_per_row=60.5 (min-of-R=1.484ms)
diff(A4->A5): ns_per_row=7.2
bucket(A4->A5): ns_per_row=7.2 ratio=13.43% band=within_noise_band
e2e(agg_count/A0a, ctx=tenant-a): median=0.050ms
e2e(rls_isolation/A0b, ctx=tenant-b): median=0.050ms
e2e(agg_count/A0c-cold, ctx=tenant-a, includes Storage::open): median=6.615ms (sample minimum, N=20: 6.524ms)
--- W series (median-of-R / min-of-R, ns/row over visible (tenant-a Public) rows) ---
stage(W1_scalar_scan): rows=23000 median=0.313ms ns_per_row=13.6 (min-of-R=0.311ms)
stage(W2_predicate): rows=23000 median=0.464ms ns_per_row=20.2 (min-of-R=0.461ms)
diff(W1->W2): ns_per_row=6.6
bucket(W1->W2): ns_per_row=6.6 ratio=48.31% band=above_noise_band
stage(W3_arena_copy): rows=23000 median=0.499ms ns_per_row=21.7 (min-of-R=0.496ms)
diff(W2->W3): ns_per_row=1.5
bucket(W2->W3): ns_per_row=1.5 ratio=7.63% band=within_noise_band
W4_provider_search: matched_rows=4600 median=0.098ms (min-of-R=0.091ms)
R_dot_kernel_distance_only (reference band): median=0.202ms min-of-R=0.178ms reference_band=23.65%
e2e(vector_knn_where/W0-cold): median=14.553ms
e2e(vector_knn_where/W0-hot): median=0.347ms (min-of-R=0.326ms)
e2e(vector_knn/W0-nowhere, cache fast path): median=0.607ms
diff(W0-nowhere->W0-hot): n/a (独立計測どうしの中央値比較のため測定ノイズにより逆転・未確定)
selectivity=1/5 expected_visible_hits=4600 (20.00%)
scalar_index(index,k=10): index_scans=+39 plain_scan_fallbacks=+0 builds=+1 arena_cache_hits=+39
index_mask_scans_delta=39
scalar_index(plain,k=10): index_scans=+0 plain_scan_fallbacks=+0 builds=+0 arena_cache_hits=+0
e2e(index,k=10): median=0.347ms (min-of-R=0.326ms)
e2e(plain,k=10): median=1.533ms (min-of-R=1.509ms)
arm_ratio(index->plain,k=10): ratio=342.44% (conflates ScalarIndex candidate reduction with plain-arm-only vec_norm cost; not an isolated index-effect measurement, see comment above)
--- index/plain/I-series per-round raw medians (ms) ---
round[0]: index=0.347 plain=1.524 I1=0.001 I2a=0.088 I2b=0.087 I3=0.131
round[1]: index=0.329 plain=1.509 I1=0.001 I2a=0.085 I2b=0.088 I3=0.118
round[2]: index=0.326 plain=1.556 I1=0.001 I2a=0.092 I2b=0.092 I3=0.128
round[3]: index=0.355 plain=1.570 I1=0.001 I2a=0.089 I2b=0.093 I3=0.136
round[4]: index=0.350 plain=1.533 I1=0.001 I2a=0.086 I2b=0.089 I3=0.128
--- index path buckets (I series; us and % of e2e index arm; median-of-R) ---
bucket_share(I1_index_candidate_resolve): us=1.1 pct_of_e2e=0.31% (min-of-R=1.0us)
bucket_share(I2a_candidate_predicate): us=88.4 pct_of_e2e=25.50% (min-of-R=85.5us)
bucket_share(I2b_candidate_mask_build): us=88.6 pct_of_e2e=25.56% (min-of-R=87.3us)
bucket_share(I3_provider_search): us=128.4 pct_of_e2e=37.05% (min-of-R=118.1us)
bucket_share(sql_surface_fixed_cost_residual): us=128.5 pct_of_e2e=37.08%
scan_stage_profile_bench: consistency checks passed (A3 visible row count == tenant_a_rows for both ctx_a/ctx_b every round, W2 match count == expected, W0-cold/W0-hot result ids within lang='ja' visible set, COUNT(*) == tenant_a_rows for both contexts, index arm and plain arm returned identical id sets, ScalarIndex candidate resolution confirmed non-vacuous via scalar_index_cache_stats() deltas)
