env: os=linux arch=x86_64 logical_cpus=12 isa=Avx2Fma loadavg=3.51 1.61 0.72 1/443 2908968
scan_stage_profile_bench: rows=25000 dim=128 rounds=5 scale=1 selectivity=1/5 (tenant_a=23000 public, tenant_b=2000 private)
--- per-round raw medians (ms) ---
round[0]: A1=0.939 A2=1.050 A3=1.204 A4=1.343 A5=1.509 W1=0.315 W2=0.456 W3=0.500 W4=0.099 R_dot=0.202
round[1]: A1=0.956 A2=1.064 A3=1.199 A4=1.348 A5=1.497 W1=0.316 W2=0.458 W3=0.497 W4=0.100 R_dot=0.178
round[2]: A1=0.959 A2=1.069 A3=1.199 A4=1.337 A5=1.497 W1=0.318 W2=0.460 W3=0.497 W4=0.095 R_dot=0.177
round[3]: A1=0.956 A2=1.056 A3=1.202 A4=1.336 A5=1.486 W1=0.314 W2=0.458 W3=0.496 W4=0.100 R_dot=0.181
round[4]: A1=0.956 A2=1.073 A3=1.226 A4=1.337 A5=1.489 W1=0.317 W2=0.460 W3=0.496 W4=0.100 R_dot=0.177
--- A series (median-of-R / min-of-R, ns/row over total physical rows) ---
stage(A1_redb_scan): rows=25000 median=0.956ms ns_per_row=38.2 (min-of-R=0.939ms)
stage(A2_header_decode): rows=25000 median=1.064ms ns_per_row=42.6 (min-of-R=1.050ms)
diff(A1->A2): ns_per_row=4.3
bucket(A1->A2): ns_per_row=4.3 ratio=11.31% band=within_noise_band
stage(A3_rls_visible): rows=25000 median=1.202ms ns_per_row=48.1 (min-of-R=1.199ms)
diff(A2->A3): ns_per_row=5.5
bucket(A2->A3): ns_per_row=5.5 ratio=12.96% band=within_noise_band
stage(A4_dim_meta_decode): rows=25000 median=1.337ms ns_per_row=53.5 (min-of-R=1.336ms)
diff(A3->A4): ns_per_row=5.4
bucket(A3->A4): ns_per_row=5.4 ratio=11.22% band=within_noise_band
stage(A5_scalar_validate): rows=25000 median=1.497ms ns_per_row=59.9 (min-of-R=1.486ms)
diff(A4->A5): ns_per_row=6.4
bucket(A4->A5): ns_per_row=6.4 ratio=11.95% band=within_noise_band
e2e(agg_count/A0a, ctx=tenant-a): median=0.050ms
e2e(rls_isolation/A0b, ctx=tenant-b): median=0.050ms
e2e(agg_count/A0c-cold, ctx=tenant-a, includes Storage::open): median=6.744ms (sample minimum, N=20: 6.622ms)
--- W series (median-of-R / min-of-R, ns/row over visible (tenant-a Public) rows) ---
stage(W1_scalar_scan): rows=23000 median=0.316ms ns_per_row=13.7 (min-of-R=0.314ms)
stage(W2_predicate): rows=23000 median=0.458ms ns_per_row=19.9 (min-of-R=0.456ms)
diff(W1->W2): ns_per_row=6.2
bucket(W1->W2): ns_per_row=6.2 ratio=44.98% band=above_noise_band
stage(W3_arena_copy): rows=23000 median=0.497ms ns_per_row=21.6 (min-of-R=0.496ms)
diff(W2->W3): ns_per_row=1.7
bucket(W2->W3): ns_per_row=1.7 ratio=8.38% band=within_noise_band
W4_provider_search: matched_rows=4600 median=0.100ms (min-of-R=0.095ms)
R_dot_kernel_distance_only (reference band): median=0.178ms min-of-R=0.177ms reference_band=14.38%
e2e(vector_knn_where/W0-cold): median=14.655ms
e2e(vector_knn_where/W0-hot): median=0.343ms (min-of-R=0.324ms)
e2e(vector_knn/W0-nowhere, cache fast path): median=0.604ms
diff(W0-nowhere->W0-hot): n/a (独立計測どうしの中央値比較のため測定ノイズにより逆転・未確定)
selectivity=1/5 expected_visible_hits=4600 (20.00%)
scalar_index(index,k=10): index_scans=+39 plain_scan_fallbacks=+0 builds=+1 arena_cache_hits=+39
index_mask_scans_delta=39
scalar_index(plain,k=10): index_scans=+0 plain_scan_fallbacks=+0 builds=+0 arena_cache_hits=+0
e2e(index,k=10): median=0.343ms (min-of-R=0.324ms)
e2e(plain,k=10): median=1.526ms (min-of-R=1.509ms)
arm_ratio(index->plain,k=10): ratio=345.45% (conflates ScalarIndex candidate reduction with plain-arm-only vec_norm cost; not an isolated index-effect measurement, see comment above)
--- index/plain/I-series per-round raw medians (ms) ---
round[0]: index=0.345 plain=1.509 I1=0.001 I2a=0.085 I2b=0.087 I3=0.180
round[1]: index=0.343 plain=1.526 I1=0.001 I2a=0.087 I2b=0.088 I3=0.103
round[2]: index=0.343 plain=1.533 I1=0.001 I2a=0.085 I2b=0.088 I3=0.102
round[3]: index=0.324 plain=1.544 I1=0.001 I2a=0.087 I2b=0.087 I3=0.103
round[4]: index=0.325 plain=1.525 I1=0.001 I2a=0.085 I2b=0.089 I3=0.108
--- index path buckets (I series; us and % of e2e index arm; median-of-R) ---
bucket_share(I1_index_candidate_resolve): us=1.0 pct_of_e2e=0.30% (min-of-R=1.0us)
bucket_share(I2a_candidate_predicate): us=85.4 pct_of_e2e=24.91% (min-of-R=85.1us)
bucket_share(I2b_candidate_mask_build): us=87.6 pct_of_e2e=25.57% (min-of-R=87.1us)
bucket_share(I3_provider_search): us=102.6 pct_of_e2e=29.94% (min-of-R=101.8us)
bucket_share(sql_surface_fixed_cost_residual): us=151.4 pct_of_e2e=44.19%
scan_stage_profile_bench: consistency checks passed (A3 visible row count == tenant_a_rows for both ctx_a/ctx_b every round, W2 match count == expected, W0-cold/W0-hot result ids within lang='ja' visible set, COUNT(*) == tenant_a_rows for both contexts, index arm and plain arm returned identical id sets, ScalarIndex candidate resolution confirmed non-vacuous via scalar_index_cache_stats() deltas)
