env: os=linux arch=x86_64 logical_cpus=12 isa=Avx2Fma loadavg=2.80 1.57 0.73 1/443 2929342
scan_stage_profile_bench: rows=25000 dim=128 rounds=5 scale=1 selectivity=1/3 (tenant_a=23000 public, tenant_b=2000 private)
--- per-round raw medians (ms) ---
round[0]: A1=0.961 A2=1.049 A3=1.204 A4=1.361 A5=1.494 W1=0.314 W2=0.391 W3=0.490 W4=0.154 R_dot=0.194
round[1]: A1=0.966 A2=1.049 A3=1.189 A4=1.346 A5=1.486 W1=0.312 W2=0.395 W3=0.489 W4=0.136 R_dot=0.186
round[2]: A1=0.966 A2=1.054 A3=1.191 A4=1.349 A5=1.492 W1=0.311 W2=0.394 W3=0.487 W4=0.145 R_dot=0.195
round[3]: A1=0.966 A2=1.115 A3=1.183 A4=1.367 A5=1.538 W1=0.319 W2=0.396 W3=0.488 W4=0.137 R_dot=0.179
round[4]: A1=0.968 A2=1.076 A3=1.183 A4=1.345 A5=1.488 W1=0.314 W2=0.390 W3=0.490 W4=0.137 R_dot=0.216
--- A series (median-of-R / min-of-R, ns/row over total physical rows) ---
stage(A1_redb_scan): rows=25000 median=0.966ms ns_per_row=38.6 (min-of-R=0.961ms)
stage(A2_header_decode): rows=25000 median=1.054ms ns_per_row=42.1 (min-of-R=1.049ms)
diff(A1->A2): ns_per_row=3.5
bucket(A1->A2): ns_per_row=3.5 ratio=9.12% band=within_noise_band
stage(A3_rls_visible): rows=25000 median=1.189ms ns_per_row=47.6 (min-of-R=1.183ms)
diff(A2->A3): ns_per_row=5.4
bucket(A2->A3): ns_per_row=5.4 ratio=12.84% band=within_noise_band
stage(A4_dim_meta_decode): rows=25000 median=1.349ms ns_per_row=54.0 (min-of-R=1.345ms)
diff(A3->A4): ns_per_row=6.4
bucket(A3->A4): ns_per_row=6.4 ratio=13.46% band=within_noise_band
stage(A5_scalar_validate): rows=25000 median=1.492ms ns_per_row=59.7 (min-of-R=1.486ms)
diff(A4->A5): ns_per_row=5.7
bucket(A4->A5): ns_per_row=5.7 ratio=10.58% band=within_noise_band
e2e(agg_count/A0a, ctx=tenant-a): median=0.050ms
e2e(rls_isolation/A0b, ctx=tenant-b): median=0.050ms
e2e(agg_count/A0c-cold, ctx=tenant-a, includes Storage::open): median=6.692ms (sample minimum, N=20: 6.535ms)
--- W series (median-of-R / min-of-R, ns/row over visible (tenant-a Public) rows) ---
stage(W1_scalar_scan): rows=23000 median=0.314ms ns_per_row=13.6 (min-of-R=0.311ms)
stage(W2_predicate): rows=23000 median=0.394ms ns_per_row=17.1 (min-of-R=0.390ms)
diff(W1->W2): ns_per_row=3.5
bucket(W1->W2): ns_per_row=3.5 ratio=25.56% band=above_noise_band
stage(W3_arena_copy): rows=23000 median=0.489ms ns_per_row=21.3 (min-of-R=0.487ms)
diff(W2->W3): ns_per_row=4.1
bucket(W2->W3): ns_per_row=4.1 ratio=24.13% band=above_noise_band
W4_provider_search: matched_rows=7667 median=0.137ms (min-of-R=0.136ms)
R_dot_kernel_distance_only (reference band): median=0.194ms min-of-R=0.179ms reference_band=20.81%
e2e(vector_knn_where/W0-cold): median=14.910ms
e2e(vector_knn_where/W0-hot): median=0.501ms (min-of-R=0.496ms)
e2e(vector_knn/W0-nowhere, cache fast path): median=0.595ms
diff(W0-nowhere->W0-hot): n/a (独立計測どうしの中央値比較のため測定ノイズにより逆転・未確定)
selectivity=1/3 expected_visible_hits=7667 (33.33%)
scalar_index(index,k=10): index_scans=+39 plain_scan_fallbacks=+0 builds=+1 arena_cache_hits=+39
index_mask_scans_delta=39
scalar_index(plain,k=10): index_scans=+0 plain_scan_fallbacks=+0 builds=+0 arena_cache_hits=+0
e2e(index,k=10): median=0.501ms (min-of-R=0.496ms)
e2e(plain,k=10): median=2.029ms (min-of-R=2.004ms)
arm_ratio(index->plain,k=10): ratio=305.24% (conflates ScalarIndex candidate reduction with plain-arm-only vec_norm cost; not an isolated index-effect measurement, see comment above)
--- index/plain/I-series per-round raw medians (ms) ---
round[0]: index=0.501 plain=2.085 I1=0.002 I2a=0.139 I2b=0.140 I3=0.146
round[1]: index=0.499 plain=2.022 I1=0.002 I2a=0.138 I2b=0.141 I3=0.152
round[2]: index=0.496 plain=2.029 I1=0.002 I2a=0.142 I2b=0.139 I3=0.144
round[3]: index=0.503 plain=2.004 I1=0.002 I2a=0.140 I2b=0.142 I3=0.139
round[4]: index=0.501 plain=2.034 I1=0.002 I2a=0.138 I2b=0.142 I3=0.152
--- index path buckets (I series; us and % of e2e index arm; median-of-R) ---
bucket_share(I1_index_candidate_resolve): us=2.1 pct_of_e2e=0.42% (min-of-R=1.8us)
bucket_share(I2a_candidate_predicate): us=138.9 pct_of_e2e=27.74% (min-of-R=138.0us)
bucket_share(I2b_candidate_mask_build): us=141.4 pct_of_e2e=28.23% (min-of-R=139.5us)
bucket_share(I3_provider_search): us=146.1 pct_of_e2e=29.16% (min-of-R=139.2us)
bucket_share(sql_surface_fixed_cost_residual): us=211.2 pct_of_e2e=42.18%
scan_stage_profile_bench: consistency checks passed (A3 visible row count == tenant_a_rows for both ctx_a/ctx_b every round, W2 match count == expected, W0-cold/W0-hot result ids within lang='ja' visible set, COUNT(*) == tenant_a_rows for both contexts, index arm and plain arm returned identical id sets, ScalarIndex candidate resolution confirmed non-vacuous via scalar_index_cache_stats() deltas)
