env: os=linux arch=x86_64 logical_cpus=12 isa=Avx2Fma loadavg=2.52 1.55 0.73 1/443 2948654
scan_stage_profile_bench: rows=25000 dim=128 rounds=5 scale=1 selectivity=1/3 (tenant_a=23000 public, tenant_b=2000 private)
--- per-round raw medians (ms) ---
round[0]: A1=0.950 A2=1.052 A3=1.179 A4=1.371 A5=1.498 W1=0.312 W2=0.389 W3=0.488 W4=0.135 R_dot=0.174
round[1]: A1=0.970 A2=1.052 A3=1.177 A4=1.349 A5=1.498 W1=0.313 W2=0.395 W3=0.489 W4=0.127 R_dot=0.207
round[2]: A1=0.968 A2=1.053 A3=1.179 A4=1.351 A5=1.500 W1=0.317 W2=0.395 W3=0.490 W4=0.128 R_dot=0.208
round[3]: A1=0.969 A2=1.050 A3=1.183 A4=1.355 A5=1.530 W1=0.319 W2=0.396 W3=0.492 W4=0.141 R_dot=0.195
round[4]: A1=0.969 A2=1.053 A3=1.182 A4=1.352 A5=1.503 W1=0.320 W2=0.405 W3=0.487 W4=0.136 R_dot=0.193
--- A series (median-of-R / min-of-R, ns/row over total physical rows) ---
stage(A1_redb_scan): rows=25000 median=0.969ms ns_per_row=38.8 (min-of-R=0.950ms)
stage(A2_header_decode): rows=25000 median=1.052ms ns_per_row=42.1 (min-of-R=1.050ms)
diff(A1->A2): ns_per_row=3.3
bucket(A1->A2): ns_per_row=3.3 ratio=8.61% band=within_noise_band
stage(A3_rls_visible): rows=25000 median=1.179ms ns_per_row=47.2 (min-of-R=1.177ms)
diff(A2->A3): ns_per_row=5.1
bucket(A2->A3): ns_per_row=5.1 ratio=12.07% band=within_noise_band
stage(A4_dim_meta_decode): rows=25000 median=1.352ms ns_per_row=54.1 (min-of-R=1.349ms)
diff(A3->A4): ns_per_row=6.9
bucket(A3->A4): ns_per_row=6.9 ratio=14.63% band=within_noise_band
stage(A5_scalar_validate): rows=25000 median=1.500ms ns_per_row=60.0 (min-of-R=1.498ms)
diff(A4->A5): ns_per_row=5.9
bucket(A4->A5): ns_per_row=5.9 ratio=10.99% band=within_noise_band
e2e(agg_count/A0a, ctx=tenant-a): median=0.050ms
e2e(rls_isolation/A0b, ctx=tenant-b): median=0.050ms
e2e(agg_count/A0c-cold, ctx=tenant-a, includes Storage::open): median=6.745ms (sample minimum, N=20: 6.666ms)
--- W series (median-of-R / min-of-R, ns/row over visible (tenant-a Public) rows) ---
stage(W1_scalar_scan): rows=23000 median=0.317ms ns_per_row=13.8 (min-of-R=0.312ms)
stage(W2_predicate): rows=23000 median=0.395ms ns_per_row=17.2 (min-of-R=0.389ms)
diff(W1->W2): ns_per_row=3.4
bucket(W1->W2): ns_per_row=3.4 ratio=24.70% band=above_noise_band
stage(W3_arena_copy): rows=23000 median=0.489ms ns_per_row=21.3 (min-of-R=0.487ms)
diff(W2->W3): ns_per_row=4.1
bucket(W2->W3): ns_per_row=4.1 ratio=23.74% band=above_noise_band
W4_provider_search: matched_rows=7667 median=0.135ms (min-of-R=0.127ms)
R_dot_kernel_distance_only (reference band): median=0.195ms min-of-R=0.174ms reference_band=19.51%
e2e(vector_knn_where/W0-cold): median=14.947ms
e2e(vector_knn_where/W0-hot): median=0.513ms (min-of-R=0.501ms)
e2e(vector_knn/W0-nowhere, cache fast path): median=0.630ms
diff(W0-nowhere->W0-hot): n/a (独立計測どうしの中央値比較のため測定ノイズにより逆転・未確定)
selectivity=1/3 expected_visible_hits=7667 (33.33%)
scalar_index(index,k=10): index_scans=+39 plain_scan_fallbacks=+0 builds=+1 arena_cache_hits=+39
index_mask_scans_delta=39
scalar_index(plain,k=10): index_scans=+0 plain_scan_fallbacks=+0 builds=+0 arena_cache_hits=+0
e2e(index,k=10): median=0.513ms (min-of-R=0.501ms)
e2e(plain,k=10): median=1.988ms (min-of-R=1.917ms)
arm_ratio(index->plain,k=10): ratio=287.34% (conflates ScalarIndex candidate reduction with plain-arm-only vec_norm cost; not an isolated index-effect measurement, see comment above)
--- index/plain/I-series per-round raw medians (ms) ---
round[0]: index=0.517 plain=1.973 I1=0.002 I2a=0.138 I2b=0.141 I3=0.163
round[1]: index=0.513 plain=2.004 I1=0.002 I2a=0.138 I2b=0.143 I3=0.163
round[2]: index=0.501 plain=1.988 I1=0.002 I2a=0.137 I2b=0.143 I3=0.158
round[3]: index=0.501 plain=1.917 I1=0.002 I2a=0.138 I2b=0.141 I3=0.166
round[4]: index=0.521 plain=2.020 I1=0.002 I2a=0.139 I2b=0.142 I3=0.146
--- index path buckets (I series; us and % of e2e index arm; median-of-R) ---
bucket_share(I1_index_candidate_resolve): us=1.9 pct_of_e2e=0.37% (min-of-R=1.9us)
bucket_share(I2a_candidate_predicate): us=138.2 pct_of_e2e=26.93% (min-of-R=137.4us)
bucket_share(I2b_candidate_mask_build): us=142.0 pct_of_e2e=27.66% (min-of-R=140.9us)
bucket_share(I3_provider_search): us=163.4 pct_of_e2e=31.84% (min-of-R=146.5us)
bucket_share(sql_surface_fixed_cost_residual): us=205.9 pct_of_e2e=40.12%
scan_stage_profile_bench: consistency checks passed (A3 visible row count == tenant_a_rows for both ctx_a/ctx_b every round, W2 match count == expected, W0-cold/W0-hot result ids within lang='ja' visible set, COUNT(*) == tenant_a_rows for both contexts, index arm and plain arm returned identical id sets, ScalarIndex candidate resolution confirmed non-vacuous via scalar_index_cache_stats() deltas)
