env: os=linux arch=x86_64 logical_cpus=12 isa=Avx2Fma loadavg=2.15 2.26 1.40 2/471 1978390
scan_stage_profile_bench: rows=25000 dim=128 rounds=5 scale=1 selectivity=1/3 (tenant_a=23000 public, tenant_b=2000 private)
--- per-round raw medians (ms) ---
round[0]: A1=17.588 A2=20.589 A3=22.542 A4=26.418 A5=29.817 W1=2.720 W2=3.245 W3=4.586 W4=4.376 R_dot=47.064
round[1]: A1=17.635 A2=20.786 A3=22.130 A4=26.693 A5=30.359 W1=2.812 W2=3.369 W3=5.095 W4=4.036 R_dot=47.487
round[2]: A1=18.378 A2=21.135 A3=23.276 A4=27.285 A5=35.132 W1=5.634 W2=3.348 W3=4.531 W4=3.884 R_dot=55.856
round[3]: A1=18.081 A2=25.070 A3=24.102 A4=27.387 A5=29.956 W1=2.719 W2=3.234 W3=4.139 W4=0.905 R_dot=47.642
round[4]: A1=18.263 A2=21.210 A3=22.430 A4=27.248 A5=29.827 W1=2.726 W2=3.243 W3=3.968 W4=0.888 R_dot=46.107
--- A series (median-of-R / min-of-R, ns/row over total physical rows) ---
stage(A1_redb_scan): rows=25000 median=18.081ms ns_per_row=723.2 (min-of-R=17.588ms)
stage(A2_header_decode): rows=25000 median=21.135ms ns_per_row=845.4 (min-of-R=20.589ms)
diff(A1->A2): ns_per_row=122.1
bucket(A1->A2): ns_per_row=122.1 ratio=16.89% band=within_noise_band
stage(A3_rls_visible): rows=25000 median=22.542ms ns_per_row=901.7 (min-of-R=22.130ms)
diff(A2->A3): ns_per_row=56.3
bucket(A2->A3): ns_per_row=56.3 ratio=6.66% band=within_noise_band
stage(A4_dim_meta_decode): rows=25000 median=27.248ms ns_per_row=1089.9 (min-of-R=26.418ms)
diff(A3->A4): ns_per_row=188.2
bucket(A3->A4): ns_per_row=188.2 ratio=20.87% band=within_noise_band
stage(A5_scalar_validate): rows=25000 median=29.956ms ns_per_row=1198.2 (min-of-R=29.817ms)
diff(A4->A5): ns_per_row=108.3
bucket(A4->A5): ns_per_row=108.3 ratio=9.94% band=within_noise_band
e2e(agg_count/A0a, ctx=tenant-a): median=1.036ms
e2e(rls_isolation/A0b, ctx=tenant-b): median=0.897ms
e2e(agg_count/A0c-cold, ctx=tenant-a, includes Storage::open): median=142.200ms (sample minimum, N=20: 141.053ms)
--- W series (median-of-R / min-of-R, ns/row over visible (tenant-a Public) rows) ---
stage(W1_scalar_scan): rows=23000 median=2.726ms ns_per_row=118.5 (min-of-R=2.719ms)
stage(W2_predicate): rows=23000 median=3.245ms ns_per_row=141.1 (min-of-R=3.234ms)
diff(W1->W2): ns_per_row=22.6
bucket(W1->W2): ns_per_row=22.6 ratio=19.06% band=within_noise_band
stage(W3_arena_copy): rows=23000 median=4.531ms ns_per_row=197.0 (min-of-R=3.968ms)
diff(W2->W3): ns_per_row=55.9
bucket(W2->W3): ns_per_row=55.9 ratio=39.63% band=above_noise_band
W4_provider_search: matched_rows=7667 median=3.884ms (min-of-R=0.888ms)
R_dot_kernel_distance_only (reference band): median=47.487ms min-of-R=46.107ms reference_band=21.14%
e2e(vector_knn_where/W0-cold): median=80.944ms
e2e(vector_knn_where/W0-hot): median=6.301ms
e2e(vector_knn/W0-nowhere, cache fast path): median=8.356ms
diff(W0-nowhere->W0-hot): n/a (独立計測どうしの中央値比較のため測定ノイズにより逆転・未確定)
selectivity=1/3 expected_visible_hits=7667 (33.33%)
scalar_index(index,k=10): index_scans=+39 plain_scan_fallbacks=+0 builds=+1 arena_cache_hits=+39
scalar_index(plain,k=10): index_scans=+0 plain_scan_fallbacks=+0 builds=+0 arena_cache_hits=+0
e2e(index,k=10): median=6.301ms
e2e(plain,k=10): median=22.311ms
arm_ratio(index->plain,k=10): ratio=254.10%
--- index path buckets (I series; us and % of e2e index arm) ---
bucket_share(I1_index_candidate_resolve): us=1.1 pct_of_e2e=0.02%
bucket_share(I2a_candidate_predicate): us=1133.8 pct_of_e2e=17.99%
bucket_share(I2b_candidate_arena_copy): us=2602.6 pct_of_e2e=41.31%
bucket_share(I3_provider_search): us=1164.0 pct_of_e2e=18.47%
bucket_share(sql_surface_fixed_cost_residual): us=2533.1 pct_of_e2e=40.20%
scan_stage_profile_bench: consistency checks passed (A3 visible row count == tenant_a_rows for both ctx_a/ctx_b every round, W2 match count == expected, W0-cold/W0-hot result ids within lang='ja' visible set, COUNT(*) == tenant_a_rows for both contexts, index arm and plain arm returned identical id sets, ScalarIndex candidate resolution confirmed non-vacuous via scalar_index_cache_stats() deltas)
