cargo bench --bench scan_stage_profile_bench -p fandhe-vector-db-engine
    Finished `bench` profile [optimized] target(s) in 0.04s
     Running benches/scan_stage_profile_bench.rs (target/release/deps/scan_stage_profile_bench-53a25b3a00c6c991)
env: os=linux arch=x86_64 logical_cpus=12 isa=Avx2Fma loadavg=5.71 2.73 1.75 1/449 2732561
scan_stage_profile_bench: rows=25000 dim=128 rounds=5 scale=1 selectivity=1/3 (tenant_a=23000 public, tenant_b=2000 private)
--- per-round raw medians (ms) ---
round[0]: A1=0.931 A2=1.074 A3=1.191 A4=1.344 A5=1.490 W1=0.313 W2=0.391 W3=0.482 W4=0.138 R_dot=0.184
round[1]: A1=0.948 A2=1.079 A3=1.209 A4=1.401 A5=1.527 W1=0.319 W2=0.403 W3=0.486 W4=0.229 R_dot=0.225
round[2]: A1=0.951 A2=1.064 A3=1.194 A4=1.344 A5=1.493 W1=0.314 W2=0.394 W3=0.488 W4=0.143 R_dot=0.189
round[3]: A1=0.949 A2=1.069 A3=1.220 A4=1.335 A5=1.492 W1=0.314 W2=0.396 W3=0.485 W4=0.139 R_dot=0.187
round[4]: A1=0.948 A2=1.080 A3=1.215 A4=1.341 A5=1.561 W1=0.314 W2=0.395 W3=0.504 W4=0.150 R_dot=0.187
--- A series (median-of-R / min-of-R, ns/row over total physical rows) ---
stage(A1_redb_scan): rows=25000 median=0.948ms ns_per_row=37.9 (min-of-R=0.931ms)
stage(A2_header_decode): rows=25000 median=1.074ms ns_per_row=43.0 (min-of-R=1.064ms)
diff(A1->A2): ns_per_row=5.0
bucket(A1->A2): ns_per_row=5.0 ratio=13.26% band=within_noise_band
stage(A3_rls_visible): rows=25000 median=1.209ms ns_per_row=48.4 (min-of-R=1.191ms)
diff(A2->A3): ns_per_row=5.4
bucket(A2->A3): ns_per_row=5.4 ratio=12.63% band=within_noise_band
stage(A4_dim_meta_decode): rows=25000 median=1.344ms ns_per_row=53.7 (min-of-R=1.335ms)
diff(A3->A4): ns_per_row=5.4
bucket(A3->A4): ns_per_row=5.4 ratio=11.11% band=within_noise_band
stage(A5_scalar_validate): rows=25000 median=1.493ms ns_per_row=59.7 (min-of-R=1.490ms)
diff(A4->A5): ns_per_row=6.0
bucket(A4->A5): ns_per_row=6.0 ratio=11.12% band=within_noise_band
e2e(agg_count/A0a, ctx=tenant-a): median=0.050ms
e2e(rls_isolation/A0b, ctx=tenant-b): median=0.050ms
e2e(agg_count/A0c-cold, ctx=tenant-a, includes Storage::open): median=6.770ms (sample minimum, N=20: 6.671ms)
--- W series (median-of-R / min-of-R, ns/row over visible (tenant-a Public) rows) ---
stage(W1_scalar_scan): rows=23000 median=0.314ms ns_per_row=13.7 (min-of-R=0.313ms)
stage(W2_predicate): rows=23000 median=0.395ms ns_per_row=17.2 (min-of-R=0.391ms)
diff(W1->W2): ns_per_row=3.5
bucket(W1->W2): ns_per_row=3.5 ratio=25.61% band=above_noise_band
stage(W3_arena_copy): rows=23000 median=0.486ms ns_per_row=21.1 (min-of-R=0.482ms)
diff(W2->W3): ns_per_row=4.0
bucket(W2->W3): ns_per_row=4.0 ratio=23.09% band=above_noise_band
W4_provider_search: matched_rows=7667 median=0.143ms (min-of-R=0.138ms)
R_dot_kernel_distance_only (reference band): median=0.187ms min-of-R=0.184ms reference_band=22.00%
e2e(vector_knn_where/W0-cold): median=15.038ms
e2e(vector_knn_where/W0-hot): median=0.509ms (min-of-R=0.495ms)
e2e(vector_knn/W0-nowhere, cache fast path): median=0.601ms
diff(W0-nowhere->W0-hot): n/a (独立計測どうしの中央値比較のため測定ノイズにより逆転・未確定)
selectivity=1/3 expected_visible_hits=7667 (33.33%)
scalar_index(index,k=10): index_scans=+39 plain_scan_fallbacks=+0 builds=+1 arena_cache_hits=+39
index_mask_scans_delta=39
scalar_index(plain,k=10): index_scans=+0 plain_scan_fallbacks=+0 builds=+0 arena_cache_hits=+0
e2e(index,k=10): median=0.509ms (min-of-R=0.495ms)
e2e(plain,k=10): median=2.035ms (min-of-R=2.008ms)
arm_ratio(index->plain,k=10): ratio=299.86% (conflates ScalarIndex candidate reduction with plain-arm-only vec_norm cost; not an isolated index-effect measurement, see comment above)
--- index/plain/I-series per-round raw medians (ms) ---
round[0]: index=0.526 plain=2.037 I1=0.002 I2a=0.133 I2b=0.139 I3=0.153
round[1]: index=0.497 plain=2.018 I1=0.002 I2a=0.137 I2b=0.138 I3=0.147
round[2]: index=0.509 plain=2.035 I1=0.002 I2a=0.134 I2b=0.136 I3=0.166
round[3]: index=0.495 plain=2.008 I1=0.002 I2a=0.135 I2b=0.137 I3=0.163
round[4]: index=0.521 plain=2.074 I1=0.002 I2a=0.135 I2b=0.138 I3=0.142
--- index path buckets (I series; us and % of e2e index arm; median-of-R) ---
bucket_share(I1_index_candidate_resolve): us=1.9 pct_of_e2e=0.38% (min-of-R=1.9us)
bucket_share(I2a_candidate_predicate): us=134.7 pct_of_e2e=26.47% (min-of-R=133.4us)
bucket_share(I2b_candidate_mask_build): us=137.5 pct_of_e2e=27.01% (min-of-R=135.9us)
bucket_share(I3_provider_search): us=153.4 pct_of_e2e=30.14% (min-of-R=141.9us)
bucket_share(sql_surface_fixed_cost_residual): us=216.2 pct_of_e2e=42.47%
scan_stage_profile_bench: consistency checks passed (A3 visible row count == tenant_a_rows for both ctx_a/ctx_b every round, W2 match count == expected, W0-cold/W0-hot result ids within lang='ja' visible set, COUNT(*) == tenant_a_rows for both contexts, index arm and plain arm returned identical id sets, ScalarIndex candidate resolution confirmed non-vacuous via scalar_index_cache_stats() deltas)
