    Finished `release` profile [optimized] target(s) in 0.08s
     Running tests/query_planning_recall.rs (target/release/deps/query_planning_recall-f908b65f625afdcd)

running 2 tests
query_planning_recall_threshold_gate: engine=hnsw
query_planning_recall_large_scale_threshold_gate: engine=hnsw
query_planning_recall_threshold_gate(direct): engine=hnsw builds=1 build_failures=0 rebuilds=0 hybrid_dense_searches=662 hybrid_queries=160 ef_cap_fallbacks=0
query_planning_recall_threshold_gate(intent): engine=hnsw builds=1 build_failures=0 rebuilds=0 hybrid_dense_searches=731 hybrid_queries=160 ef_cap_fallbacks=0
query_planning_recall_threshold_gate: pass_intent=true
query_planning_recall_threshold_gate: intent_improvement value=0.9245
query_planning_recall_threshold_gate: pass_direct=true
query_planning_recall_threshold_gate: direct_after_recall20 value=0.9321
query_planning_recall_threshold_gate(intent_degraded): engine=hnsw builds=1 build_failures=0 rebuilds=0 hybrid_dense_searches=758 hybrid_queries=160 ef_cap_fallbacks=0
query_planning_recall_threshold_gate: pass_degraded=true
query_planning_recall_threshold_gate: intent_improvement_degraded value=0.3547
test query_planning_recall_threshold_gate ... ok
query_planning_recall_large_scale_threshold_gate: engine=hnsw builds=1 build_failures=0 rebuilds=0 hybrid_dense_searches=456 hybrid_queries=100 ef_cap_fallbacks=120
query_planning_recall_large_scale_threshold_gate: pass=true
query_planning_recall_large_scale_threshold_gate: direct_after_recall20 value=0.8852
test query_planning_recall_large_scale_threshold_gate ... ok

test result: ok. 2 passed; 0 failed; 0 ignored; 0 measured; 15 filtered out; finished in 51.14s

