env: os=linux arch=x86_64 logical_cpus=12 isa=Avx2Fma loadavg=20.53 14.50 9.38 5/468 3049356
knn_profile_bench: rows=25000 dim=128 top_k=10 (tenant_a=20000 tenant_b=5000) engine=hnsw
knn_profile_bench: SQL 表層は PrefilterCache を経由しない（core.rs は EngineCore::search 専用）が SqlArenaCache（Issue #363）は経由する。S0-cold は毎サンプル新規 EngineCore で SqlArenaCache を空の状態から測る。既定 provider は ParallelSearchProvider、対照は CpuScalarProvider。BENCH_KNN_PROFILE_ENGINE=hnsw のときは S0-cold/S0-hot の EngineCore を hnsw opt-in（Issue #403 B 案）で構築する（S1〜S5' は非対象）。
knn_profile_bench: hnsw_stats builds=1 build_failures=0 hits=40 misses=1 fallbacks=0 entries=1
stage(S4_arena_build): rows=25000 median=4.391ms ns_per_row=175.6
stage(S5_search_parallel): rows=25000 median=2.980ms ns_per_row=119.2
stage(S5_search_scalar): rows=25000 median=0.282ms ns_per_row=11.3
stage(S5prime_distance_only): rows=25000 median=0.271ms ns_per_row=10.8
diff(S5prime->S5_scalar): ns_per_row=0.4
stage(S0_cold_sql_e2e): rows=25000 median=1071.867ms ns_per_row=42874.7
stage(S0_hot_sql_e2e): rows=25000 median=0.435ms ns_per_row=17.4
stage(S0prime_count_star): rows=25000 median=1.887ms ns_per_row=75.5
stage(S1_redb_scan): rows=25000 median=0.960ms ns_per_row=38.4
stage(S2_header_decode): rows=25000 median=1.144ms ns_per_row=45.8
diff(S1->S2): ns_per_row=7.4
stage(S3_f32_decode): rows=25000 median=4.295ms ns_per_row=171.8
diff(S2->S3): ns_per_row=126.0
diff(S3->S4): ns_per_row=3.8
residual(S0-(S4+S5)): median=1064.495ms (parse/bind/result-assembly 等。read_txn 境界差を含みうる保守的な残差)
knn_profile_bench: consistency checks passed (S1..S3 row counts, S0 result count, S0' COUNT(*) value, S3 vs VectorArena cross-check)
