loadavg_before_hnsw_run1=16.79 12.12 8.21 26/508 3038125
loadavg_after_hnsw_run1=19.53 13.45 8.83 4/467 3042702
loadavg_before_brute_force_run1=21.02 14.50 9.35 15/480 3046270
loadavg_after_brute_force_run1=20.53 14.50 9.38 15/479 3047814
loadavg_before_hnsw_run2=20.53 14.50 9.38 15/480 3049355
loadavg_after_hnsw_run2=24.80 16.60 10.38 17/476 3057262
loadavg_before_brute_force_run2=23.85 16.54 10.40 3/456 3057274
loadavg_after_brute_force_run2=23.85 16.54 10.40 13/468 3057295
loadavg_before_hnsw_run3=23.85 16.54 10.40 15/468 3057297
loadavg_after_hnsw_run3=23.85 16.54 10.40 14/468 3057299
loadavg_before_brute_force_run3=23.85 16.54 10.40 14/468 3057301
loadavg_after_brute_force_run3=23.85 16.54 10.40 14/468 3057303
loadavg_before_hnsw_run4=23.85 16.54 10.40 14/468 3057305
loadavg_after_hnsw_run4=23.85 16.54 10.40 14/468 3057307
loadavg_before_brute_force_run4=23.85 16.54 10.40 14/468 3057309
loadavg_after_brute_force_run4=23.85 16.54 10.40 14/468 3057311
loadavg_before_hnsw_run5=23.85 16.54 10.40 13/468 3057313
loadavg_after_hnsw_run5=23.85 16.54 10.40 14/468 3057315
loadavg_before_brute_force_run5=23.85 16.54 10.40 13/468 3057317
loadavg_after_brute_force_run5=23.85 16.54 10.40 14/468 3057319
