env: os=linux arch=x86_64 logical_cpus=12 isa=Avx2Fma loadavg=16.79 12.12 8.21 24/508 3038126
knn_profile_bench: rows=25000 dim=128 top_k=10 (tenant_a=20000 tenant_b=5000) engine=hnsw
knn_profile_bench: SQL 表層は PrefilterCache を経由しない（core.rs は EngineCore::search 専用）が SqlArenaCache（Issue #363）は経由する。S0-cold は毎サンプル新規 EngineCore で SqlArenaCache を空の状態から測る。既定 provider は ParallelSearchProvider、対照は CpuScalarProvider。BENCH_KNN_PROFILE_ENGINE=hnsw のときは S0-cold/S0-hot の EngineCore を hnsw opt-in（Issue #403 B 案）で構築する（S1〜S5' は非対象）。
knn_profile_bench: hnsw_stats builds=1 build_failures=0 hits=40 misses=1 fallbacks=0 entries=1
stage(S4_arena_build): rows=25000 median=4.559ms ns_per_row=182.4
stage(S5_search_parallel): rows=25000 median=5.501ms ns_per_row=220.1
stage(S5_search_scalar): rows=25000 median=1.395ms ns_per_row=55.8
stage(S5prime_distance_only): rows=25000 median=1.607ms ns_per_row=64.3
diff(S5prime->S5_scalar): n/a (独立計測どうしの中央値比較のため測定ノイズにより 逆転・未確定として継続: stage timings are not monotonically non-decreasing: S5prime > S5_scalar)
stage(S0_cold_sql_e2e): rows=25000 median=1010.953ms ns_per_row=40438.1
stage(S0_hot_sql_e2e): rows=25000 median=0.440ms ns_per_row=17.6
stage(S0prime_count_star): rows=25000 median=1.904ms ns_per_row=76.2
stage(S1_redb_scan): rows=25000 median=0.972ms ns_per_row=38.9
stage(S2_header_decode): rows=25000 median=1.138ms ns_per_row=45.5
diff(S1->S2): ns_per_row=6.6
stage(S3_f32_decode): rows=25000 median=2.649ms ns_per_row=106.0
diff(S2->S3): ns_per_row=60.4
diff(S3->S4): ns_per_row=76.4
residual(S0-(S4+S5)): median=1000.893ms (parse/bind/result-assembly 等。read_txn 境界差を含みうる保守的な残差)
knn_profile_bench: consistency checks passed (S1..S3 row counts, S0 result count, S0' COUNT(*) value, S3 vs VectorArena cross-check)
