env: os=linux arch=x86_64 logical_cpus=12 isa=Avx2Fma loadavg=1.10 1.34 0.81 1/433 147821
scan_stage_profile_bench: rows=25000 dim=128 rounds=5 scale=1 selectivity=1/5 (tenant_a=23000 public, tenant_b=2000 private)
scan_stage_profile_bench: engine=hnsw full_scan_ratio=2/5
--- per-round raw medians (ms) ---
round[0]: A1=1.158 A2=1.392 A3=1.556 A4=1.716 A5=1.769 W1=0.316 W2=0.398 W3=0.460 W4=0.117 R_dot=0.225
round[1]: A1=1.179 A2=1.378 A3=1.555 A4=1.714 A5=1.768 W1=0.315 W2=0.397 W3=0.459 W4=0.111 R_dot=0.209
round[2]: A1=1.179 A2=1.397 A3=1.563 A4=1.746 A5=1.769 W1=0.314 W2=0.396 W3=0.458 W4=0.167 R_dot=0.425
round[3]: A1=1.171 A2=1.389 A3=1.572 A4=1.717 A5=1.765 W1=0.315 W2=0.398 W3=0.459 W4=0.095 R_dot=0.209
round[4]: A1=1.179 A2=1.390 A3=1.555 A4=1.712 A5=1.773 W1=0.317 W2=0.399 W3=0.464 W4=0.121 R_dot=0.215
--- A series (median-of-R / min-of-R, ns/row over total physical rows) ---
stage(A1_redb_scan): rows=25000 median=1.179ms ns_per_row=47.1 (min-of-R=1.158ms)
stage(A2_header_decode): rows=25000 median=1.390ms ns_per_row=55.6 (min-of-R=1.378ms)
diff(A1->A2): ns_per_row=8.5
bucket(A1->A2): ns_per_row=8.5 ratio=17.94% band=within_noise_band
stage(A3_rls_visible): rows=25000 median=1.556ms ns_per_row=62.2 (min-of-R=1.555ms)
diff(A2->A3): ns_per_row=6.6
bucket(A2->A3): ns_per_row=6.6 ratio=11.93% band=within_noise_band
stage(A4_dim_meta_decode): rows=25000 median=1.716ms ns_per_row=68.6 (min-of-R=1.712ms)
diff(A3->A4): ns_per_row=6.4
bucket(A3->A4): ns_per_row=6.4 ratio=10.30% band=within_noise_band
stage(A5_scalar_validate): rows=25000 median=1.769ms ns_per_row=70.8 (min-of-R=1.765ms)
diff(A4->A5): ns_per_row=2.1
bucket(A4->A5): ns_per_row=2.1 ratio=3.11% band=within_noise_band
e2e(agg_count/A0a, ctx=tenant-a): median=0.050ms
e2e(rls_isolation/A0b, ctx=tenant-b): median=0.050ms
e2e(agg_count/A0c-cold, ctx=tenant-a, includes Storage::open): median=6.468ms (sample minimum, N=20: 6.340ms)
--- W series (median-of-R / min-of-R, ns/row over visible (tenant-a Public) rows) ---
stage(W1_scalar_scan): rows=23000 median=0.315ms ns_per_row=13.7 (min-of-R=0.314ms)
stage(W2_predicate): rows=23000 median=0.398ms ns_per_row=17.3 (min-of-R=0.396ms)
diff(W1->W2): ns_per_row=3.6
bucket(W1->W2): ns_per_row=3.6 ratio=26.34% band=within_noise_band
stage(W3_arena_copy): rows=23000 median=0.459ms ns_per_row=19.9 (min-of-R=0.458ms)
diff(W2->W3): ns_per_row=2.6
bucket(W2->W3): ns_per_row=2.6 ratio=15.30% band=within_noise_band
W4_provider_search: matched_rows=4600 median=0.117ms (min-of-R=0.095ms)
R_dot_kernel_distance_only (reference band): median=0.215ms min-of-R=0.209ms reference_band=103.48%
e2e(vector_knn_where/W0-cold): median=14.428ms
e2e(vector_knn_where/W0-hot): median=0.345ms (min-of-R=0.336ms)
e2e(vector_knn/W0-nowhere, cache fast path): median=0.598ms
diff(W0-nowhere->W0-hot): n/a (独立計測どうしの中央値比較のため測定ノイズにより逆転・未確定)
selectivity=1/5 expected_visible_hits=4600 (20.00%)
scalar_index(index,k=10): index_scans=+39 plain_scan_fallbacks=+0 builds=+1 arena_cache_hits=+39
index_mask_scans_delta=39
scalar_index(plain,k=10): index_scans=+0 plain_scan_fallbacks=+0 builds=+0 arena_cache_hits=+0
e2e(index,k=10): median=0.345ms (min-of-R=0.336ms)
e2e(plain,k=10): median=1.588ms (min-of-R=1.564ms)
arm_ratio(index->plain,k=10): ratio=360.82% (conflates ScalarIndex candidate reduction with plain-arm-only vec_norm cost; not an isolated index-effect measurement, see comment above)
--- index/plain/I-series per-round raw medians (ms) ---
round[0]: index=0.345 plain=1.792 I1=0.001 I2a=0.078 I2b=0.081 I3=0.128
round[1]: index=0.336 plain=1.564 I1=0.001 I2a=0.079 I2b=0.081 I3=0.102
round[2]: index=0.345 plain=1.588 I1=0.001 I2a=0.081 I2b=0.083 I3=0.112
round[3]: index=0.345 plain=1.602 I1=0.001 I2a=0.081 I2b=0.085 I3=0.105
round[4]: index=0.339 plain=1.570 I1=0.001 I2a=0.078 I2b=0.081 I3=0.103
--- index path buckets (I series; us and % of e2e index arm; median-of-R) ---
bucket_share(I1_index_candidate_resolve): us=1.0 pct_of_e2e=0.30% (min-of-R=1.0us)
bucket_share(I2a_candidate_predicate): us=79.4 pct_of_e2e=23.05% (min-of-R=77.8us)
bucket_share(I2b_candidate_mask_build): us=81.1 pct_of_e2e=23.54% (min-of-R=80.7us)
bucket_share(I3_provider_search): us=104.6 pct_of_e2e=30.36% (min-of-R=102.2us)
bucket_share(sql_surface_fixed_cost_residual): us=157.8 pct_of_e2e=45.81%
--- hnsw arm per-round raw medians (ms) ---
round[0]: hnsw=0.314
round[1]: hnsw=0.340
round[2]: hnsw=0.331
round[3]: hnsw=0.332
round[4]: hnsw=0.316
e2e(vector_knn_where/hnsw-hot,k=10): median=0.331ms (min-of-R=0.314ms)
hnsw_regime=plain_scan_ratio hits_delta=0 subset_searches_delta=0 plain_scans_delta=40 mask_splits_graph_delta=0 masked_short_delta=0
arm_ratio(hnsw->index,k=10): ratio=-3.95% (hnsw arm is slower than the brute_force ScalarIndex-mask arm this round)
scan_stage_profile_bench: consistency checks passed (A3 visible row count == tenant_a_rows for both ctx_a/ctx_b every round, W2 match count == expected, W0-cold/W0-hot result ids within lang='ja' visible set, COUNT(*) == tenant_a_rows for both contexts, index arm and plain arm returned identical id sets, ScalarIndex candidate resolution confirmed non-vacuous via scalar_index_cache_stats() deltas)
