env: os=linux arch=x86_64 logical_cpus=12 isa=Avx2Fma loadavg=3.22 2.18 1.24 1/447 3992148
scan_stage_profile_bench: rows=25000 dim=128 rounds=5 scale=1 selectivity=1/5 (tenant_a=23000 public, tenant_b=2000 private)
--- per-round raw medians (ms) ---
round[0]: A1=0.948 A2=1.112 A3=1.277 A4=1.407 A5=1.462 W1=0.313 W2=0.442 W3=0.523 W4=0.117 R_dot=0.213
round[1]: A1=0.967 A2=1.045 A3=1.185 A4=1.364 A5=1.391 W1=0.315 W2=0.428 W3=0.497 W4=0.120 R_dot=0.177
round[2]: A1=0.967 A2=1.057 A3=1.194 A4=1.332 A5=1.390 W1=0.312 W2=0.429 W3=0.496 W4=0.118 R_dot=0.177
round[3]: A1=0.966 A2=1.069 A3=1.187 A4=1.363 A5=1.392 W1=0.314 W2=0.428 W3=0.499 W4=0.093 R_dot=0.205
round[4]: A1=0.967 A2=1.054 A3=1.188 A4=1.361 A5=1.392 W1=0.318 W2=0.436 W3=0.496 W4=0.093 R_dot=0.176
--- A series (median-of-R / min-of-R, ns/row over total physical rows) ---
stage(A1_redb_scan): rows=25000 median=0.967ms ns_per_row=38.7 (min-of-R=0.948ms)
stage(A2_header_decode): rows=25000 median=1.057ms ns_per_row=42.3 (min-of-R=1.045ms)
diff(A1->A2): ns_per_row=3.6
bucket(A1->A2): ns_per_row=3.6 ratio=9.34% band=within_noise_band
stage(A3_rls_visible): rows=25000 median=1.188ms ns_per_row=47.5 (min-of-R=1.185ms)
diff(A2->A3): ns_per_row=5.2
bucket(A2->A3): ns_per_row=5.2 ratio=12.40% band=within_noise_band
stage(A4_dim_meta_decode): rows=25000 median=1.363ms ns_per_row=54.5 (min-of-R=1.332ms)
diff(A3->A4): ns_per_row=7.0
bucket(A3->A4): ns_per_row=7.0 ratio=14.76% band=within_noise_band
stage(A5_scalar_validate): rows=25000 median=1.392ms ns_per_row=55.7 (min-of-R=1.390ms)
diff(A4->A5): ns_per_row=1.1
bucket(A4->A5): ns_per_row=1.1 ratio=2.08% band=within_noise_band
e2e(agg_count/A0a, ctx=tenant-a): median=0.050ms
e2e(rls_isolation/A0b, ctx=tenant-b): median=0.050ms
e2e(agg_count/A0c-cold, ctx=tenant-a, includes Storage::open): median=6.326ms (sample minimum, N=20: 6.254ms)
--- W series (median-of-R / min-of-R, ns/row over visible (tenant-a Public) rows) ---
stage(W1_scalar_scan): rows=23000 median=0.314ms ns_per_row=13.6 (min-of-R=0.312ms)
stage(W2_predicate): rows=23000 median=0.429ms ns_per_row=18.6 (min-of-R=0.428ms)
diff(W1->W2): ns_per_row=5.0
bucket(W1->W2): ns_per_row=5.0 ratio=36.61% band=above_noise_band
stage(W3_arena_copy): rows=23000 median=0.497ms ns_per_row=21.6 (min-of-R=0.496ms)
diff(W2->W3): ns_per_row=3.0
bucket(W2->W3): ns_per_row=3.0 ratio=16.01% band=within_noise_band
W4_provider_search: matched_rows=4600 median=0.117ms (min-of-R=0.093ms)
R_dot_kernel_distance_only (reference band): median=0.177ms min-of-R=0.176ms reference_band=21.06%
e2e(vector_knn_where/W0-cold): median=14.266ms
e2e(vector_knn_where/W0-hot): median=0.345ms (min-of-R=0.322ms)
e2e(vector_knn/W0-nowhere, cache fast path): median=0.632ms
diff(W0-nowhere->W0-hot): n/a (独立計測どうしの中央値比較のため測定ノイズにより逆転・未確定)
selectivity=1/5 expected_visible_hits=4600 (20.00%)
scalar_index(index,k=10): index_scans=+39 plain_scan_fallbacks=+0 builds=+1 arena_cache_hits=+39
index_mask_scans_delta=39
scalar_index(plain,k=10): index_scans=+0 plain_scan_fallbacks=+0 builds=+0 arena_cache_hits=+0
e2e(index,k=10): median=0.345ms (min-of-R=0.322ms)
e2e(plain,k=10): median=1.558ms (min-of-R=1.538ms)
arm_ratio(index->plain,k=10): ratio=352.15% (conflates ScalarIndex candidate reduction with plain-arm-only vec_norm cost; not an isolated index-effect measurement, see comment above)
--- index/plain/I-series per-round raw medians (ms) ---
round[0]: index=0.347 plain=1.572 I1=0.001 I2a=0.091 I2b=0.094 I3=0.097
round[1]: index=0.331 plain=1.558 I1=0.001 I2a=0.091 I2b=0.091 I3=0.103
round[2]: index=0.347 plain=1.596 I1=0.001 I2a=0.092 I2b=0.091 I3=0.095
round[3]: index=0.322 plain=1.540 I1=0.001 I2a=0.087 I2b=0.091 I3=0.178
round[4]: index=0.345 plain=1.538 I1=0.001 I2a=0.091 I2b=0.092 I3=0.132
--- index path buckets (I series; us and % of e2e index arm; median-of-R) ---
bucket_share(I1_index_candidate_resolve): us=1.2 pct_of_e2e=0.35% (min-of-R=1.0us)
bucket_share(I2a_candidate_predicate): us=91.2 pct_of_e2e=26.47% (min-of-R=87.0us)
bucket_share(I2b_candidate_mask_build): us=91.5 pct_of_e2e=26.54% (min-of-R=90.9us)
bucket_share(I3_provider_search): us=103.2 pct_of_e2e=29.94% (min-of-R=95.1us)
bucket_share(sql_surface_fixed_cost_residual): us=148.8 pct_of_e2e=43.17%
scan_stage_profile_bench: consistency checks passed (A3 visible row count == tenant_a_rows for both ctx_a/ctx_b every round, W2 match count == expected, W0-cold/W0-hot result ids within lang='ja' visible set, COUNT(*) == tenant_a_rows for both contexts, index arm and plain arm returned identical id sets, ScalarIndex candidate resolution confirmed non-vacuous via scalar_index_cache_stats() deltas)
