env: os=linux arch=x86_64 logical_cpus=12 isa=Avx2Fma loadavg=3.85 2.24 1.24 1/446 3968835
scan_stage_profile_bench: rows=25000 dim=128 rounds=5 scale=1 selectivity=1/5 (tenant_a=23000 public, tenant_b=2000 private)
--- per-round raw medians (ms) ---
round[0]: A1=0.947 A2=1.046 A3=1.184 A4=1.333 A5=1.389 W1=0.307 W2=0.424 W3=0.495 W4=0.107 R_dot=0.179
round[1]: A1=0.967 A2=1.045 A3=1.192 A4=1.343 A5=1.393 W1=0.313 W2=0.427 W3=0.496 W4=0.100 R_dot=0.214
round[2]: A1=0.964 A2=1.044 A3=1.186 A4=1.331 A5=1.391 W1=0.312 W2=0.426 W3=0.496 W4=0.128 R_dot=0.175
round[3]: A1=0.965 A2=1.044 A3=1.186 A4=1.341 A5=1.389 W1=0.311 W2=0.426 W3=0.495 W4=0.101 R_dot=0.185
round[4]: A1=0.963 A2=1.046 A3=1.211 A4=1.334 A5=1.390 W1=0.311 W2=0.427 W3=0.495 W4=0.103 R_dot=0.176
--- A series (median-of-R / min-of-R, ns/row over total physical rows) ---
stage(A1_redb_scan): rows=25000 median=0.964ms ns_per_row=38.6 (min-of-R=0.947ms)
stage(A2_header_decode): rows=25000 median=1.045ms ns_per_row=41.8 (min-of-R=1.044ms)
diff(A1->A2): ns_per_row=3.2
bucket(A1->A2): ns_per_row=3.2 ratio=8.34% band=within_noise_band
stage(A3_rls_visible): rows=25000 median=1.186ms ns_per_row=47.4 (min-of-R=1.184ms)
diff(A2->A3): ns_per_row=5.6
bucket(A2->A3): ns_per_row=5.6 ratio=13.52% band=within_noise_band
stage(A4_dim_meta_decode): rows=25000 median=1.334ms ns_per_row=53.4 (min-of-R=1.331ms)
diff(A3->A4): ns_per_row=5.9
bucket(A3->A4): ns_per_row=5.9 ratio=12.48% band=within_noise_band
stage(A5_scalar_validate): rows=25000 median=1.390ms ns_per_row=55.6 (min-of-R=1.389ms)
diff(A4->A5): ns_per_row=2.2
bucket(A4->A5): ns_per_row=2.2 ratio=4.21% band=within_noise_band
e2e(agg_count/A0a, ctx=tenant-a): median=0.050ms
e2e(rls_isolation/A0b, ctx=tenant-b): median=0.050ms
e2e(agg_count/A0c-cold, ctx=tenant-a, includes Storage::open): median=6.308ms (sample minimum, N=20: 6.204ms)
--- W series (median-of-R / min-of-R, ns/row over visible (tenant-a Public) rows) ---
stage(W1_scalar_scan): rows=23000 median=0.311ms ns_per_row=13.5 (min-of-R=0.307ms)
stage(W2_predicate): rows=23000 median=0.426ms ns_per_row=18.5 (min-of-R=0.424ms)
diff(W1->W2): ns_per_row=5.0
bucket(W1->W2): ns_per_row=5.0 ratio=36.91% band=above_noise_band
stage(W3_arena_copy): rows=23000 median=0.495ms ns_per_row=21.5 (min-of-R=0.495ms)
diff(W2->W3): ns_per_row=3.0
bucket(W2->W3): ns_per_row=3.0 ratio=16.17% band=within_noise_band
W4_provider_search: matched_rows=4600 median=0.103ms (min-of-R=0.100ms)
R_dot_kernel_distance_only (reference band): median=0.179ms min-of-R=0.175ms reference_band=22.18%
e2e(vector_knn_where/W0-cold): median=14.241ms
e2e(vector_knn_where/W0-hot): median=0.326ms (min-of-R=0.322ms)
e2e(vector_knn/W0-nowhere, cache fast path): median=0.626ms
diff(W0-nowhere->W0-hot): n/a (独立計測どうしの中央値比較のため測定ノイズにより逆転・未確定)
selectivity=1/5 expected_visible_hits=4600 (20.00%)
scalar_index(index,k=10): index_scans=+39 plain_scan_fallbacks=+0 builds=+1 arena_cache_hits=+39
index_mask_scans_delta=39
scalar_index(plain,k=10): index_scans=+0 plain_scan_fallbacks=+0 builds=+0 arena_cache_hits=+0
e2e(index,k=10): median=0.326ms (min-of-R=0.322ms)
e2e(plain,k=10): median=1.544ms (min-of-R=1.537ms)
arm_ratio(index->plain,k=10): ratio=373.87% (conflates ScalarIndex candidate reduction with plain-arm-only vec_norm cost; not an isolated index-effect measurement, see comment above)
--- index/plain/I-series per-round raw medians (ms) ---
round[0]: index=0.326 plain=1.549 I1=0.001 I2a=0.088 I2b=0.090 I3=0.102
round[1]: index=0.342 plain=1.544 I1=0.001 I2a=0.088 I2b=0.089 I3=0.123
round[2]: index=0.322 plain=1.538 I1=0.001 I2a=0.088 I2b=0.088 I3=0.126
round[3]: index=0.331 plain=1.547 I1=0.001 I2a=0.088 I2b=0.088 I3=0.125
round[4]: index=0.323 plain=1.537 I1=0.001 I2a=0.088 I2b=0.088 I3=0.103
--- index path buckets (I series; us and % of e2e index arm; median-of-R) ---
bucket_share(I1_index_candidate_resolve): us=1.0 pct_of_e2e=0.32% (min-of-R=1.0us)
bucket_share(I2a_candidate_predicate): us=87.9 pct_of_e2e=26.97% (min-of-R=87.7us)
bucket_share(I2b_candidate_mask_build): us=88.0 pct_of_e2e=27.00% (min-of-R=87.8us)
bucket_share(I3_provider_search): us=122.8 pct_of_e2e=37.69% (min-of-R=101.8us)
bucket_share(sql_surface_fixed_cost_residual): us=114.1 pct_of_e2e=34.99%
scan_stage_profile_bench: consistency checks passed (A3 visible row count == tenant_a_rows for both ctx_a/ctx_b every round, W2 match count == expected, W0-cold/W0-hot result ids within lang='ja' visible set, COUNT(*) == tenant_a_rows for both contexts, index arm and plain arm returned identical id sets, ScalarIndex candidate resolution confirmed non-vacuous via scalar_index_cache_stats() deltas)
