env: os=linux arch=x86_64 logical_cpus=12 isa=Avx2Fma loadavg=4.10 2.26 1.24 1/446 3964949
scan_stage_profile_bench: rows=25000 dim=128 rounds=5 scale=1 selectivity=1/5 (tenant_a=23000 public, tenant_b=2000 private)
--- per-round raw medians (ms) ---
round[0]: A1=0.938 A2=1.058 A3=1.732 A4=1.326 A5=1.476 W1=0.315 W2=0.455 W3=0.493 W4=0.104 R_dot=0.178
round[1]: A1=0.955 A2=1.072 A3=1.198 A4=1.325 A5=1.486 W1=0.316 W2=0.460 W3=0.495 W4=0.099 R_dot=0.177
round[2]: A1=0.956 A2=1.067 A3=1.200 A4=1.326 A5=1.483 W1=0.316 W2=0.462 W3=0.494 W4=0.115 R_dot=0.175
round[3]: A1=0.957 A2=1.065 A3=1.200 A4=1.339 A5=1.484 W1=0.314 W2=0.459 W3=0.493 W4=0.122 R_dot=0.176
round[4]: A1=0.955 A2=1.049 A3=1.197 A4=1.352 A5=1.515 W1=0.314 W2=0.461 W3=0.496 W4=0.113 R_dot=0.177
--- A series (median-of-R / min-of-R, ns/row over total physical rows) ---
stage(A1_redb_scan): rows=25000 median=0.955ms ns_per_row=38.2 (min-of-R=0.938ms)
stage(A2_header_decode): rows=25000 median=1.065ms ns_per_row=42.6 (min-of-R=1.049ms)
diff(A1->A2): ns_per_row=4.4
bucket(A1->A2): ns_per_row=4.4 ratio=11.52% band=above_noise_band
stage(A3_rls_visible): rows=25000 median=1.200ms ns_per_row=48.0 (min-of-R=1.197ms)
diff(A2->A3): ns_per_row=5.4
bucket(A2->A3): ns_per_row=5.4 ratio=12.63% band=above_noise_band
stage(A4_dim_meta_decode): rows=25000 median=1.326ms ns_per_row=53.1 (min-of-R=1.325ms)
diff(A3->A4): ns_per_row=5.1
bucket(A3->A4): ns_per_row=5.1 ratio=10.56% band=above_noise_band
stage(A5_scalar_validate): rows=25000 median=1.484ms ns_per_row=59.3 (min-of-R=1.476ms)
diff(A4->A5): ns_per_row=6.3
bucket(A4->A5): ns_per_row=6.3 ratio=11.85% band=above_noise_band
e2e(agg_count/A0a, ctx=tenant-a): median=0.050ms
e2e(rls_isolation/A0b, ctx=tenant-b): median=0.050ms
e2e(agg_count/A0c-cold, ctx=tenant-a, includes Storage::open): median=6.319ms (sample minimum, N=20: 6.274ms)
--- W series (median-of-R / min-of-R, ns/row over visible (tenant-a Public) rows) ---
stage(W1_scalar_scan): rows=23000 median=0.315ms ns_per_row=13.7 (min-of-R=0.314ms)
stage(W2_predicate): rows=23000 median=0.460ms ns_per_row=20.0 (min-of-R=0.455ms)
diff(W1->W2): ns_per_row=6.3
bucket(W1->W2): ns_per_row=6.3 ratio=45.95% band=above_noise_band
stage(W3_arena_copy): rows=23000 median=0.494ms ns_per_row=21.5 (min-of-R=0.493ms)
diff(W2->W3): ns_per_row=1.5
bucket(W2->W3): ns_per_row=1.5 ratio=7.48% band=above_noise_band
W4_provider_search: matched_rows=4600 median=0.113ms (min-of-R=0.099ms)
R_dot_kernel_distance_only (reference band): median=0.177ms min-of-R=0.175ms reference_band=1.75%
e2e(vector_knn_where/W0-cold): median=14.204ms
e2e(vector_knn_where/W0-hot): median=0.331ms (min-of-R=0.319ms)
e2e(vector_knn/W0-nowhere, cache fast path): median=0.633ms
diff(W0-nowhere->W0-hot): n/a (独立計測どうしの中央値比較のため測定ノイズにより逆転・未確定)
selectivity=1/5 expected_visible_hits=4600 (20.00%)
scalar_index(index,k=10): index_scans=+39 plain_scan_fallbacks=+0 builds=+1 arena_cache_hits=+39
index_mask_scans_delta=39
scalar_index(plain,k=10): index_scans=+0 plain_scan_fallbacks=+0 builds=+0 arena_cache_hits=+0
e2e(index,k=10): median=0.331ms (min-of-R=0.319ms)
e2e(plain,k=10): median=1.527ms (min-of-R=1.506ms)
arm_ratio(index->plain,k=10): ratio=361.49% (conflates ScalarIndex candidate reduction with plain-arm-only vec_norm cost; not an isolated index-effect measurement, see comment above)
--- index/plain/I-series per-round raw medians (ms) ---
round[0]: index=0.319 plain=1.517 I1=0.001 I2a=0.085 I2b=0.088 I3=0.118
round[1]: index=0.331 plain=1.506 I1=0.001 I2a=0.089 I2b=0.091 I3=0.103
round[2]: index=0.327 plain=1.528 I1=0.001 I2a=0.085 I2b=0.089 I3=0.124
round[3]: index=0.365 plain=1.538 I1=0.001 I2a=0.087 I2b=0.089 I3=0.126
round[4]: index=0.340 plain=1.527 I1=0.001 I2a=0.085 I2b=0.088 I3=0.127
--- index path buckets (I series; us and % of e2e index arm; median-of-R) ---
bucket_share(I1_index_candidate_resolve): us=1.1 pct_of_e2e=0.32% (min-of-R=1.0us)
bucket_share(I2a_candidate_predicate): us=85.3 pct_of_e2e=25.77% (min-of-R=85.2us)
bucket_share(I2b_candidate_mask_build): us=89.0 pct_of_e2e=26.89% (min-of-R=88.2us)
bucket_share(I3_provider_search): us=123.5 pct_of_e2e=37.34% (min-of-R=102.5us)
bucket_share(sql_surface_fixed_cost_residual): us=117.3 pct_of_e2e=35.45%
scan_stage_profile_bench: consistency checks passed (A3 visible row count == tenant_a_rows for both ctx_a/ctx_b every round, W2 match count == expected, W0-cold/W0-hot result ids within lang='ja' visible set, COUNT(*) == tenant_a_rows for both contexts, index arm and plain arm returned identical id sets, ScalarIndex candidate resolution confirmed non-vacuous via scalar_index_cache_stats() deltas)
