env: os=linux arch=x86_64 logical_cpus=12 isa=Avx2Fma loadavg=3.41 2.20 1.24 1/447 3984376
scan_stage_profile_bench: rows=25000 dim=128 rounds=5 scale=1 selectivity=1/5 (tenant_a=23000 public, tenant_b=2000 private)
--- per-round raw medians (ms) ---
round[0]: A1=0.938 A2=1.143 A3=1.313 A4=1.389 A5=1.399 W1=0.316 W2=0.424 W3=0.491 W4=0.093 R_dot=0.188
round[1]: A1=0.956 A2=1.066 A3=1.226 A4=1.345 A5=1.395 W1=0.315 W2=0.431 W3=0.493 W4=0.093 R_dot=0.176
round[2]: A1=0.956 A2=1.046 A3=1.266 A4=1.341 A5=1.394 W1=0.316 W2=0.427 W3=0.494 W4=0.107 R_dot=0.170
round[3]: A1=0.956 A2=1.051 A3=1.227 A4=1.321 A5=1.410 W1=0.316 W2=0.427 W3=0.494 W4=0.117 R_dot=0.215
round[4]: A1=0.956 A2=1.048 A3=1.229 A4=1.335 A5=1.395 W1=0.316 W2=0.427 W3=0.493 W4=0.112 R_dot=0.188
--- A series (median-of-R / min-of-R, ns/row over total physical rows) ---
stage(A1_redb_scan): rows=25000 median=0.956ms ns_per_row=38.2 (min-of-R=0.938ms)
stage(A2_header_decode): rows=25000 median=1.051ms ns_per_row=42.0 (min-of-R=1.046ms)
diff(A1->A2): ns_per_row=3.8
bucket(A1->A2): ns_per_row=3.8 ratio=9.91% band=within_noise_band
stage(A3_rls_visible): rows=25000 median=1.229ms ns_per_row=49.2 (min-of-R=1.226ms)
diff(A2->A3): ns_per_row=7.1
bucket(A2->A3): ns_per_row=7.1 ratio=17.01% band=within_noise_band
stage(A4_dim_meta_decode): rows=25000 median=1.341ms ns_per_row=53.6 (min-of-R=1.321ms)
diff(A3->A4): ns_per_row=4.5
bucket(A3->A4): ns_per_row=4.5 ratio=9.09% band=within_noise_band
stage(A5_scalar_validate): rows=25000 median=1.395ms ns_per_row=55.8 (min-of-R=1.394ms)
diff(A4->A5): ns_per_row=2.2
bucket(A4->A5): ns_per_row=2.2 ratio=4.03% band=within_noise_band
e2e(agg_count/A0a, ctx=tenant-a): median=0.050ms
e2e(rls_isolation/A0b, ctx=tenant-b): median=0.050ms
e2e(agg_count/A0c-cold, ctx=tenant-a, includes Storage::open): median=6.269ms (sample minimum, N=20: 6.192ms)
--- W series (median-of-R / min-of-R, ns/row over visible (tenant-a Public) rows) ---
stage(W1_scalar_scan): rows=23000 median=0.316ms ns_per_row=13.7 (min-of-R=0.315ms)
stage(W2_predicate): rows=23000 median=0.427ms ns_per_row=18.6 (min-of-R=0.424ms)
diff(W1->W2): ns_per_row=4.8
bucket(W1->W2): ns_per_row=4.8 ratio=35.07% band=above_noise_band
stage(W3_arena_copy): rows=23000 median=0.493ms ns_per_row=21.4 (min-of-R=0.491ms)
diff(W2->W3): ns_per_row=2.9
bucket(W2->W3): ns_per_row=2.9 ratio=15.57% band=within_noise_band
W4_provider_search: matched_rows=4600 median=0.107ms (min-of-R=0.093ms)
R_dot_kernel_distance_only (reference band): median=0.188ms min-of-R=0.170ms reference_band=26.33%
e2e(vector_knn_where/W0-cold): median=14.356ms
e2e(vector_knn_where/W0-hot): median=0.342ms (min-of-R=0.334ms)
e2e(vector_knn/W0-nowhere, cache fast path): median=0.619ms
diff(W0-nowhere->W0-hot): n/a (独立計測どうしの中央値比較のため測定ノイズにより逆転・未確定)
selectivity=1/5 expected_visible_hits=4600 (20.00%)
scalar_index(index,k=10): index_scans=+39 plain_scan_fallbacks=+0 builds=+1 arena_cache_hits=+39
index_mask_scans_delta=39
scalar_index(plain,k=10): index_scans=+0 plain_scan_fallbacks=+0 builds=+0 arena_cache_hits=+0
e2e(index,k=10): median=0.342ms (min-of-R=0.334ms)
e2e(plain,k=10): median=1.541ms (min-of-R=1.527ms)
arm_ratio(index->plain,k=10): ratio=350.70% (conflates ScalarIndex candidate reduction with plain-arm-only vec_norm cost; not an isolated index-effect measurement, see comment above)
--- index/plain/I-series per-round raw medians (ms) ---
round[0]: index=0.336 plain=1.550 I1=0.001 I2a=0.087 I2b=0.087 I3=0.108
round[1]: index=0.334 plain=1.534 I1=0.001 I2a=0.088 I2b=0.089 I3=0.125
round[2]: index=0.346 plain=1.541 I1=0.001 I2a=0.087 I2b=0.088 I3=0.113
round[3]: index=0.342 plain=1.562 I1=0.001 I2a=0.089 I2b=0.088 I3=0.126
round[4]: index=0.363 plain=1.527 I1=0.001 I2a=0.087 I2b=0.088 I3=0.112
--- index path buckets (I series; us and % of e2e index arm; median-of-R) ---
bucket_share(I1_index_candidate_resolve): us=1.0 pct_of_e2e=0.30% (min-of-R=1.0us)
bucket_share(I2a_candidate_predicate): us=87.3 pct_of_e2e=25.53% (min-of-R=87.2us)
bucket_share(I2b_candidate_mask_build): us=88.4 pct_of_e2e=25.86% (min-of-R=87.3us)
bucket_share(I3_provider_search): us=112.8 pct_of_e2e=33.01% (min-of-R=108.0us)
bucket_share(sql_surface_fixed_cost_residual): us=139.6 pct_of_e2e=40.83%
scan_stage_profile_bench: consistency checks passed (A3 visible row count == tenant_a_rows for both ctx_a/ctx_b every round, W2 match count == expected, W0-cold/W0-hot result ids within lang='ja' visible set, COUNT(*) == tenant_a_rows for both contexts, index arm and plain arm returned identical id sets, ScalarIndex candidate resolution confirmed non-vacuous via scalar_index_cache_stats() deltas)
