env: os=linux arch=x86_64 logical_cpus=12 isa=Avx2Fma loadavg=3.41 2.20 1.24 1/447 3980492
scan_stage_profile_bench: rows=25000 dim=128 rounds=5 scale=1 selectivity=1/5 (tenant_a=23000 public, tenant_b=2000 private)
--- per-round raw medians (ms) ---
round[0]: A1=0.949 A2=1.047 A3=1.176 A4=1.346 A5=1.520 W1=0.313 W2=0.459 W3=0.495 W4=0.107 R_dot=0.176
round[1]: A1=0.967 A2=1.049 A3=1.177 A4=1.346 A5=1.474 W1=0.316 W2=0.462 W3=0.500 W4=0.095 R_dot=0.316
round[2]: A1=0.967 A2=1.049 A3=1.196 A4=1.411 A5=1.516 W1=0.320 W2=0.491 W3=0.528 W4=0.102 R_dot=0.176
round[3]: A1=0.968 A2=1.053 A3=1.176 A4=1.556 A5=1.714 W1=0.320 W2=0.467 W3=0.497 W4=0.114 R_dot=0.177
round[4]: A1=0.972 A2=1.048 A3=1.187 A4=1.369 A5=1.477 W1=0.314 W2=0.465 W3=0.502 W4=0.096 R_dot=0.217
--- A series (median-of-R / min-of-R, ns/row over total physical rows) ---
stage(A1_redb_scan): rows=25000 median=0.967ms ns_per_row=38.7 (min-of-R=0.949ms)
stage(A2_header_decode): rows=25000 median=1.049ms ns_per_row=41.9 (min-of-R=1.047ms)
diff(A1->A2): ns_per_row=3.3
bucket(A1->A2): ns_per_row=3.3 ratio=8.41% band=within_noise_band
stage(A3_rls_visible): rows=25000 median=1.177ms ns_per_row=47.1 (min-of-R=1.176ms)
diff(A2->A3): ns_per_row=5.1
bucket(A2->A3): ns_per_row=5.1 ratio=12.26% band=within_noise_band
stage(A4_dim_meta_decode): rows=25000 median=1.369ms ns_per_row=54.8 (min-of-R=1.346ms)
diff(A3->A4): ns_per_row=7.7
bucket(A3->A4): ns_per_row=7.7 ratio=16.32% band=within_noise_band
stage(A5_scalar_validate): rows=25000 median=1.516ms ns_per_row=60.7 (min-of-R=1.474ms)
diff(A4->A5): ns_per_row=5.9
bucket(A4->A5): ns_per_row=5.9 ratio=10.75% band=within_noise_band
e2e(agg_count/A0a, ctx=tenant-a): median=0.050ms
e2e(rls_isolation/A0b, ctx=tenant-b): median=0.050ms
e2e(agg_count/A0c-cold, ctx=tenant-a, includes Storage::open): median=6.506ms (sample minimum, N=20: 6.424ms)
--- W series (median-of-R / min-of-R, ns/row over visible (tenant-a Public) rows) ---
stage(W1_scalar_scan): rows=23000 median=0.316ms ns_per_row=13.7 (min-of-R=0.313ms)
stage(W2_predicate): rows=23000 median=0.465ms ns_per_row=20.2 (min-of-R=0.459ms)
diff(W1->W2): ns_per_row=6.5
bucket(W1->W2): ns_per_row=6.5 ratio=47.21% band=within_noise_band
stage(W3_arena_copy): rows=23000 median=0.500ms ns_per_row=21.8 (min-of-R=0.495ms)
diff(W2->W3): ns_per_row=1.5
bucket(W2->W3): ns_per_row=1.5 ratio=7.65% band=within_noise_band
W4_provider_search: matched_rows=4600 median=0.102ms (min-of-R=0.095ms)
R_dot_kernel_distance_only (reference band): median=0.177ms min-of-R=0.176ms reference_band=79.36%
e2e(vector_knn_where/W0-cold): median=14.335ms
e2e(vector_knn_where/W0-hot): median=0.341ms (min-of-R=0.328ms)
e2e(vector_knn/W0-nowhere, cache fast path): median=0.610ms
diff(W0-nowhere->W0-hot): n/a (独立計測どうしの中央値比較のため測定ノイズにより逆転・未確定)
selectivity=1/5 expected_visible_hits=4600 (20.00%)
scalar_index(index,k=10): index_scans=+39 plain_scan_fallbacks=+0 builds=+1 arena_cache_hits=+39
index_mask_scans_delta=39
scalar_index(plain,k=10): index_scans=+0 plain_scan_fallbacks=+0 builds=+0 arena_cache_hits=+0
e2e(index,k=10): median=0.341ms (min-of-R=0.328ms)
e2e(plain,k=10): median=1.533ms (min-of-R=1.519ms)
arm_ratio(index->plain,k=10): ratio=349.93% (conflates ScalarIndex candidate reduction with plain-arm-only vec_norm cost; not an isolated index-effect measurement, see comment above)
--- index/plain/I-series per-round raw medians (ms) ---
round[0]: index=0.341 plain=1.519 I1=0.001 I2a=0.086 I2b=0.089 I3=0.103
round[1]: index=0.515 plain=1.520 I1=0.001 I2a=0.084 I2b=0.087 I3=0.123
round[2]: index=0.331 plain=1.537 I1=0.001 I2a=0.086 I2b=0.088 I3=0.106
round[3]: index=0.328 plain=1.534 I1=0.001 I2a=0.085 I2b=0.088 I3=0.106
round[4]: index=0.345 plain=1.533 I1=0.001 I2a=0.085 I2b=0.090 I3=0.129
--- index path buckets (I series; us and % of e2e index arm; median-of-R) ---
bucket_share(I1_index_candidate_resolve): us=1.0 pct_of_e2e=0.30% (min-of-R=1.0us)
bucket_share(I2a_candidate_predicate): us=85.4 pct_of_e2e=25.08% (min-of-R=84.4us)
bucket_share(I2b_candidate_mask_build): us=88.4 pct_of_e2e=25.94% (min-of-R=87.2us)
bucket_share(I3_provider_search): us=105.9 pct_of_e2e=31.07% (min-of-R=103.4us)
bucket_share(sql_surface_fixed_cost_residual): us=145.5 pct_of_e2e=42.69%
scan_stage_profile_bench: consistency checks passed (A3 visible row count == tenant_a_rows for both ctx_a/ctx_b every round, W2 match count == expected, W0-cold/W0-hot result ids within lang='ja' visible set, COUNT(*) == tenant_a_rows for both contexts, index arm and plain arm returned identical id sets, ScalarIndex candidate resolution confirmed non-vacuous via scalar_index_cache_stats() deltas)
