env: os=linux arch=x86_64 logical_cpus=12 isa=Avx2Fma loadavg=3.85 2.24 1.24 1/446 3972721
scan_stage_profile_bench: rows=25000 dim=128 rounds=5 scale=1 selectivity=1/5 (tenant_a=23000 public, tenant_b=2000 private)
--- per-round raw medians (ms) ---
round[0]: A1=0.931 A2=1.064 A3=1.189 A4=1.326 A5=1.478 W1=0.312 W2=0.460 W3=0.498 W4=0.130 R_dot=0.176
round[1]: A1=0.950 A2=1.062 A3=1.189 A4=1.324 A5=1.483 W1=0.313 W2=0.461 W3=0.500 W4=0.115 R_dot=0.175
round[2]: A1=0.948 A2=1.061 A3=1.207 A4=1.349 A5=1.481 W1=0.316 W2=0.470 W3=0.510 W4=0.112 R_dot=0.178
round[3]: A1=0.951 A2=1.087 A3=1.194 A4=1.325 A5=1.484 W1=0.313 W2=0.460 W3=0.498 W4=0.099 R_dot=0.176
round[4]: A1=0.948 A2=1.084 A3=1.189 A4=1.330 A5=1.487 W1=0.313 W2=0.462 W3=0.508 W4=0.095 R_dot=0.175
--- A series (median-of-R / min-of-R, ns/row over total physical rows) ---
stage(A1_redb_scan): rows=25000 median=0.948ms ns_per_row=37.9 (min-of-R=0.931ms)
stage(A2_header_decode): rows=25000 median=1.064ms ns_per_row=42.6 (min-of-R=1.061ms)
diff(A1->A2): ns_per_row=4.6
bucket(A1->A2): ns_per_row=4.6 ratio=12.21% band=above_noise_band
stage(A3_rls_visible): rows=25000 median=1.189ms ns_per_row=47.6 (min-of-R=1.189ms)
diff(A2->A3): ns_per_row=5.0
bucket(A2->A3): ns_per_row=5.0 ratio=11.74% band=above_noise_band
stage(A4_dim_meta_decode): rows=25000 median=1.326ms ns_per_row=53.0 (min-of-R=1.324ms)
diff(A3->A4): ns_per_row=5.5
bucket(A3->A4): ns_per_row=5.5 ratio=11.49% band=above_noise_band
stage(A5_scalar_validate): rows=25000 median=1.483ms ns_per_row=59.3 (min-of-R=1.478ms)
diff(A4->A5): ns_per_row=6.3
bucket(A4->A5): ns_per_row=6.3 ratio=11.88% band=above_noise_band
e2e(agg_count/A0a, ctx=tenant-a): median=0.050ms
e2e(rls_isolation/A0b, ctx=tenant-b): median=0.050ms
e2e(agg_count/A0c-cold, ctx=tenant-a, includes Storage::open): median=6.649ms (sample minimum, N=20: 6.492ms)
--- W series (median-of-R / min-of-R, ns/row over visible (tenant-a Public) rows) ---
stage(W1_scalar_scan): rows=23000 median=0.313ms ns_per_row=13.6 (min-of-R=0.312ms)
stage(W2_predicate): rows=23000 median=0.461ms ns_per_row=20.1 (min-of-R=0.460ms)
diff(W1->W2): ns_per_row=6.5
bucket(W1->W2): ns_per_row=6.5 ratio=47.52% band=above_noise_band
stage(W3_arena_copy): rows=23000 median=0.500ms ns_per_row=21.7 (min-of-R=0.498ms)
diff(W2->W3): ns_per_row=1.7
bucket(W2->W3): ns_per_row=1.7 ratio=8.34% band=above_noise_band
W4_provider_search: matched_rows=4600 median=0.112ms (min-of-R=0.095ms)
R_dot_kernel_distance_only (reference band): median=0.176ms min-of-R=0.175ms reference_band=1.83%
e2e(vector_knn_where/W0-cold): median=14.638ms
e2e(vector_knn_where/W0-hot): median=0.341ms (min-of-R=0.325ms)
e2e(vector_knn/W0-nowhere, cache fast path): median=0.890ms
diff(W0-nowhere->W0-hot): n/a (独立計測どうしの中央値比較のため測定ノイズにより逆転・未確定)
selectivity=1/5 expected_visible_hits=4600 (20.00%)
scalar_index(index,k=10): index_scans=+39 plain_scan_fallbacks=+0 builds=+1 arena_cache_hits=+39
index_mask_scans_delta=39
scalar_index(plain,k=10): index_scans=+0 plain_scan_fallbacks=+0 builds=+0 arena_cache_hits=+0
e2e(index,k=10): median=0.341ms (min-of-R=0.325ms)
e2e(plain,k=10): median=1.515ms (min-of-R=1.509ms)
arm_ratio(index->plain,k=10): ratio=344.07% (conflates ScalarIndex candidate reduction with plain-arm-only vec_norm cost; not an isolated index-effect measurement, see comment above)
--- index/plain/I-series per-round raw medians (ms) ---
round[0]: index=0.341 plain=1.509 I1=0.001 I2a=0.086 I2b=0.089 I3=0.116
round[1]: index=0.327 plain=1.511 I1=0.001 I2a=0.089 I2b=0.088 I3=0.104
round[2]: index=0.348 plain=1.521 I1=0.001 I2a=0.086 I2b=0.088 I3=0.112
round[3]: index=0.325 plain=1.535 I1=0.001 I2a=0.086 I2b=0.087 I3=0.138
round[4]: index=0.347 plain=1.515 I1=0.001 I2a=0.086 I2b=0.087 I3=0.118
--- index path buckets (I series; us and % of e2e index arm; median-of-R) ---
bucket_share(I1_index_candidate_resolve): us=1.0 pct_of_e2e=0.30% (min-of-R=1.0us)
bucket_share(I2a_candidate_predicate): us=86.1 pct_of_e2e=25.24% (min-of-R=85.6us)
bucket_share(I2b_candidate_mask_build): us=88.0 pct_of_e2e=25.78% (min-of-R=87.0us)
bucket_share(I3_provider_search): us=115.6 pct_of_e2e=33.87% (min-of-R=104.4us)
bucket_share(sql_surface_fixed_cost_residual): us=136.7 pct_of_e2e=40.05%
scan_stage_profile_bench: consistency checks passed (A3 visible row count == tenant_a_rows for both ctx_a/ctx_b every round, W2 match count == expected, W0-cold/W0-hot result ids within lang='ja' visible set, COUNT(*) == tenant_a_rows for both contexts, index arm and plain arm returned identical id sets, ScalarIndex candidate resolution confirmed non-vacuous via scalar_index_cache_stats() deltas)
