env: os=linux arch=x86_64 logical_cpus=12 isa=Avx2Fma loadavg=3.62 2.22 1.24 1/447 3976606
scan_stage_profile_bench: rows=25000 dim=128 rounds=5 scale=1 selectivity=1/5 (tenant_a=23000 public, tenant_b=2000 private)
--- per-round raw medians (ms) ---
round[0]: A1=0.938 A2=1.064 A3=1.235 A4=1.320 A5=1.442 W1=0.315 W2=0.424 W3=0.493 W4=0.105 R_dot=0.179
round[1]: A1=0.955 A2=1.051 A3=1.201 A4=1.320 A5=1.414 W1=0.314 W2=0.426 W3=0.496 W4=0.097 R_dot=0.176
round[2]: A1=0.957 A2=1.047 A3=1.202 A4=1.321 A5=1.412 W1=0.314 W2=0.428 W3=0.493 W4=0.098 R_dot=0.205
round[3]: A1=0.957 A2=1.068 A3=1.200 A4=1.326 A5=1.413 W1=0.313 W2=0.427 W3=0.492 W4=0.096 R_dot=0.197
round[4]: A1=0.955 A2=1.046 A3=1.212 A4=1.320 A5=1.415 W1=0.317 W2=0.429 W3=0.504 W4=0.096 R_dot=0.179
--- A series (median-of-R / min-of-R, ns/row over total physical rows) ---
stage(A1_redb_scan): rows=25000 median=0.955ms ns_per_row=38.2 (min-of-R=0.938ms)
stage(A2_header_decode): rows=25000 median=1.051ms ns_per_row=42.0 (min-of-R=1.046ms)
diff(A1->A2): ns_per_row=3.8
bucket(A1->A2): ns_per_row=3.8 ratio=10.01% band=within_noise_band
stage(A3_rls_visible): rows=25000 median=1.202ms ns_per_row=48.1 (min-of-R=1.200ms)
diff(A2->A3): ns_per_row=6.0
bucket(A2->A3): ns_per_row=6.0 ratio=14.35% band=within_noise_band
stage(A4_dim_meta_decode): rows=25000 median=1.320ms ns_per_row=52.8 (min-of-R=1.320ms)
diff(A3->A4): ns_per_row=4.8
bucket(A3->A4): ns_per_row=4.8 ratio=9.89% band=within_noise_band
stage(A5_scalar_validate): rows=25000 median=1.414ms ns_per_row=56.6 (min-of-R=1.412ms)
diff(A4->A5): ns_per_row=3.8
bucket(A4->A5): ns_per_row=3.8 ratio=7.11% band=within_noise_band
e2e(agg_count/A0a, ctx=tenant-a): median=0.050ms
e2e(rls_isolation/A0b, ctx=tenant-b): median=0.050ms
e2e(agg_count/A0c-cold, ctx=tenant-a, includes Storage::open): median=6.671ms (sample minimum, N=20: 6.495ms)
--- W series (median-of-R / min-of-R, ns/row over visible (tenant-a Public) rows) ---
stage(W1_scalar_scan): rows=23000 median=0.314ms ns_per_row=13.7 (min-of-R=0.313ms)
stage(W2_predicate): rows=23000 median=0.427ms ns_per_row=18.6 (min-of-R=0.424ms)
diff(W1->W2): ns_per_row=4.9
bucket(W1->W2): ns_per_row=4.9 ratio=35.71% band=above_noise_band
stage(W3_arena_copy): rows=23000 median=0.493ms ns_per_row=21.4 (min-of-R=0.492ms)
diff(W2->W3): ns_per_row=2.9
bucket(W2->W3): ns_per_row=2.9 ratio=15.58% band=within_noise_band
W4_provider_search: matched_rows=4600 median=0.097ms (min-of-R=0.096ms)
R_dot_kernel_distance_only (reference band): median=0.179ms min-of-R=0.176ms reference_band=16.38%
e2e(vector_knn_where/W0-cold): median=15.125ms
e2e(vector_knn_where/W0-hot): median=0.341ms (min-of-R=0.335ms)
e2e(vector_knn/W0-nowhere, cache fast path): median=0.626ms
diff(W0-nowhere->W0-hot): n/a (独立計測どうしの中央値比較のため測定ノイズにより逆転・未確定)
selectivity=1/5 expected_visible_hits=4600 (20.00%)
scalar_index(index,k=10): index_scans=+39 plain_scan_fallbacks=+0 builds=+1 arena_cache_hits=+39
index_mask_scans_delta=39
scalar_index(plain,k=10): index_scans=+0 plain_scan_fallbacks=+0 builds=+0 arena_cache_hits=+0
e2e(index,k=10): median=0.341ms (min-of-R=0.335ms)
e2e(plain,k=10): median=1.551ms (min-of-R=1.535ms)
arm_ratio(index->plain,k=10): ratio=354.24% (conflates ScalarIndex candidate reduction with plain-arm-only vec_norm cost; not an isolated index-effect measurement, see comment above)
--- index/plain/I-series per-round raw medians (ms) ---
round[0]: index=0.341 plain=1.551 I1=0.001 I2a=0.087 I2b=0.088 I3=0.140
round[1]: index=0.338 plain=1.535 I1=0.001 I2a=0.087 I2b=0.088 I3=0.101
round[2]: index=0.350 plain=1.551 I1=0.001 I2a=0.088 I2b=0.088 I3=0.105
round[3]: index=0.335 plain=1.555 I1=0.001 I2a=0.087 I2b=0.089 I3=0.102
round[4]: index=0.345 plain=1.558 I1=0.001 I2a=0.088 I2b=0.088 I3=0.102
--- index path buckets (I series; us and % of e2e index arm; median-of-R) ---
bucket_share(I1_index_candidate_resolve): us=1.0 pct_of_e2e=0.30% (min-of-R=1.0us)
bucket_share(I2a_candidate_predicate): us=87.4 pct_of_e2e=25.60% (min-of-R=87.2us)
bucket_share(I2b_candidate_mask_build): us=88.3 pct_of_e2e=25.86% (min-of-R=88.0us)
bucket_share(I3_provider_search): us=101.9 pct_of_e2e=29.84% (min-of-R=100.6us)
bucket_share(sql_surface_fixed_cost_residual): us=150.3 pct_of_e2e=44.00%
scan_stage_profile_bench: consistency checks passed (A3 visible row count == tenant_a_rows for both ctx_a/ctx_b every round, W2 match count == expected, W0-cold/W0-hot result ids within lang='ja' visible set, COUNT(*) == tenant_a_rows for both contexts, index arm and plain arm returned identical id sets, ScalarIndex candidate resolution confirmed non-vacuous via scalar_index_cache_stats() deltas)
